 PhysXCooking_64

 Timestamp is 682c4aa3 (Tue May 20 18:25:55 2025)

 Preferred load address is 0000000180000000

 Start         Length     Name                   Class
 0001:00000000 00000060H .text$di                CODE
 0001:00000060 0001f730H .text$mn                CODE
 0001:0001f790 00000060H .text$mn$00             CODE
 0001:0001f7f0 00000b00H .text$mn$21             CODE
 0001:000202f0 000006d0H .text$x                 CODE
 0002:00000000 00000280H .idata$5                DATA
 0002:00000280 00000038H .00cfg                  DATA
 0002:000002b8 00000008H .CRT$XCA                DATA
 0002:000002c0 00000030H .CRT$XCU                DATA
 0002:000002f0 00000008H .CRT$XCZ                DATA
 0002:000002f8 00000008H .CRT$XIA                DATA
 0002:00000300 00000018H .CRT$XIC                DATA
 0002:00000318 00000008H .CRT$XIZ                DATA
 0002:00000320 00000008H .CRT$XPA                DATA
 0002:00000328 00000010H .CRT$XPX                DATA
 0002:00000338 00000008H .CRT$XPXA               DATA
 0002:00000340 00000008H .CRT$XPZ                DATA
 0002:00000348 00000008H .CRT$XTA                DATA
 0002:00000350 00000010H .CRT$XTZ                DATA
 0002:00000358 00000000H .gehcont$y              DATA
 0002:00000358 00000000H .gfids$y                DATA
 0002:00000360 00008e50H .rdata                  DATA
 0002:000091b0 000001d0H .rdata$00               DATA
 0002:00009380 00000000H .rdata$CastGuardVftablesA DATA
 0002:00009380 00000000H .rdata$CastGuardVftablesC DATA
 0002:00009380 00000464H .rdata$r                DATA
 0002:000097e4 00000164H .rdata$voltmd           DATA
 0002:00009948 00000460H .rdata$zzzdbg           DATA
 0002:00009da8 00000008H .rtc$IAA                DATA
 0002:00009db0 00000008H .rtc$IZZ                DATA
 0002:00009db8 00000008H .rtc$TAA                DATA
 0002:00009dc0 00000008H .rtc$TZZ                DATA
 0002:00009dc8 00001738H .xdata                  DATA
 0002:0000b500 00000084H .xdata$x                DATA
 0002:0000b584 00000040H .didat$2                DATA
 0002:0000b5c4 00000024H .didat$3                DATA
 0002:0000b5e8 000000d0H .didat$4                DATA
 0002:0000b6b8 00000280H .didat$6                DATA
 0002:0000b938 000001e8H .didat$7                DATA
 0002:0000bb20 00000af8H .edata                  DATA
 0002:0000c618 00000014H .idata$2                DATA
 0002:0000c62c 00000014H .idata$3                DATA
 0002:0000c640 00000280H .idata$4                DATA
 0002:0000c8c0 000005ccH .idata$6                DATA
 0003:00000000 00000a70H .data                   DATA
 0003:00000a70 000000e0H .data$r                 DATA
 0003:00000b50 000000f0H .data$rs                DATA
 0003:00000c40 000000d0H .didat$5                DATA
 0003:00000d10 00001150H .bss                    DATA
 0004:00000000 00001950H .pdata                  DATA
 0005:00000000 00000100H .fptable                DATA
 0006:00000000 000000a0H .rsrc$01                DATA
 0006:000000a0 000004b0H .rsrc$02                DATA

  Address         Publics by Value              Rva+Base               Lib:Object

 0000:00000000       __AbsoluteZero             0000000000000000     <absolute>
 0000:00000000       ___safe_se_handler_count   0000000000000000     <absolute>
 0000:00000000       ___safe_se_handler_table   0000000000000000     <absolute>
 0000:00000000       __arm64x_extra_rfe_table   0000000000000000     <absolute>
 0000:00000000       __arm64x_extra_rfe_table_size 0000000000000000     <absolute>
 0000:00000000       __arm64x_native_entrypoint 0000000000000000     <absolute>
 0000:00000000       __arm64x_redirection_metadata 0000000000000000     <absolute>
 0000:00000000       __arm64x_redirection_metadata_count 0000000000000000     <absolute>
 0000:00000000       __dynamic_value_reloc_table 0000000000000000     <absolute>
 0000:00000000       __enclave_config           0000000000000000     <absolute>
 0000:00000000       __guard_check_icall_a64n_fptr 0000000000000000     <absolute>
 0000:00000000       __guard_eh_cont_count      0000000000000000     <absolute>
 0000:00000000       __guard_eh_cont_table      0000000000000000     <absolute>
 0000:00000000       __guard_fids_count         0000000000000000     <absolute>
 0000:00000000       __guard_fids_table         0000000000000000     <absolute>
 0000:00000000       __guard_iat_count          0000000000000000     <absolute>
 0000:00000000       __guard_iat_table          0000000000000000     <absolute>
 0000:00000000       __guard_longjmp_count      0000000000000000     <absolute>
 0000:00000000       __guard_longjmp_table      0000000000000000     <absolute>
 0000:00000000       __hybrid_auxiliary_delayload_iat 0000000000000000     <absolute>
 0000:00000000       __hybrid_auxiliary_delayload_iat_copy 0000000000000000     <absolute>
 0000:00000000       __hybrid_auxiliary_iat     0000000000000000     <absolute>
 0000:00000000       __hybrid_auxiliary_iat_copy 0000000000000000     <absolute>
 0000:00000000       __hybrid_code_map          0000000000000000     <absolute>
 0000:00000000       __hybrid_code_map_count    0000000000000000     <absolute>
 0000:00000000       __hybrid_image_info_bitfield 0000000000000000     <absolute>
 0000:00000000       __x64_code_ranges_to_entry_points 0000000000000000     <absolute>
 0000:00000000       __x64_code_ranges_to_entry_points_count 0000000000000000     <absolute>
 0000:00000100       __guard_flags              0000000000000100     <absolute>
 0000:00000000       __ImageBase                0000000180000000     <linker-defined>
 0001:00000060       ??$copy@V?$PxReflectionAllocator@USlab@NodeAllocator@Gu@physx@@@physx@@@?$PxArray@USlab@NodeAllocator@Gu@physx@@V?$PxReflectionAllocator@USlab@NodeAllocator@Gu@physx@@@4@@physx@@IEAAXAEBV01@@Z 0000000180001060 f i Cooking.obj
 0001:000000e0       ??0AABBTreeBounds@Gu@physx@@QEAA@XZ 00000001800010e0 f i Cooking.obj
 0001:000000f0       ??0AABBTreeBuildNode@Gu@physx@@QEAA@AEBV012@@Z 00000001800010f0 f i Cooking.obj
 0001:000000f0       ??4AABBTreeBuildNode@Gu@physx@@QEAAAEAV012@AEBV012@@Z 00000001800010f0 f i Cooking.obj
 0001:00000130       ??0AABBTreeBuildNode@Gu@physx@@QEAA@XZ 0000000180001130 f i Cooking.obj
 0001:00000130       ??4PxFoundation@physx@@QEAAAEAV01@AEBV01@@Z 0000000180001130 f i Cooking.obj
 0001:00000130       ?getAABB@AABBTreeBuildNode@Gu@physx@@QEBAAEBVPxBounds3@3@XZ 0000000180001130 f i Cooking.obj
 0001:00000140       ??0AABBTreeBuildParams@Gu@physx@@QEAA@IIPEBVAABBTreeBounds@12@W4BVHBuildStrategy@12@@Z 0000000180001140 f i Cooking.obj
 0001:00000160       ??0NodeAllocator@Gu@physx@@QEAA@AEBV012@@Z 0000000180001160 f i Cooking.obj
 0001:000001a0       ??0PxFoundation@physx@@QEAA@AEBV01@@Z 00000001800011a0 f i Cooking.obj
 0001:000001a0       ??0PxFoundation@physx@@QEAA@XZ 00000001800011a0 f i Cooking.obj
 0001:000001b0       ??1AABBTreeBounds@Gu@physx@@QEAA@XZ 00000001800011b0 f i Cooking.obj
 0001:000001c0       ??1AABBTreeBuildNode@Gu@physx@@QEAA@XZ 00000001800011c0 f i Cooking.obj
 0001:000001c0       _guard_check_icall_nop     00000001800011c0 f i LIBCMT:guard_support.obj
 0001:000001d0       ??1AABBTreeBuildParams@Gu@physx@@QEAA@XZ 00000001800011d0 f i Cooking.obj
 0001:000001d0       ?reset@AABBTreeBuildParams@Gu@physx@@QEAAXXZ 00000001800011d0 f i Cooking.obj
 0001:00000220       ??1PxFoundation@physx@@MEAA@XZ 0000000180001220 f i Cooking.obj
 0001:00000230       ??4AABBTreeBounds@Gu@physx@@QEAAAEAV012@AEBV012@@Z 0000000180001230 f i Cooking.obj
 0001:00000240       ??4AABBTreeBuildParams@Gu@physx@@QEAAAEAV012@AEBV012@@Z 0000000180001240 f i Cooking.obj
 0001:00000260       ??4NodeAllocator@Gu@physx@@QEAAAEAV012@AEBV012@@Z 0000000180001260 f i Cooking.obj
 0001:00000310       ??_EPxFoundation@physx@@MEAAPEAXI@Z 0000000180001310 f i Cooking.obj
 0001:000003a0       ??_FAABBTreeBuildParams@Gu@physx@@QEAAXXZ 00000001800013a0 f i Cooking.obj
 0001:000003c0       ?allocate@?$PxArray@USlab@NodeAllocator@Gu@physx@@V?$PxReflectionAllocator@USlab@NodeAllocator@Gu@physx@@@4@@physx@@IEAAPEAUSlab@NodeAllocator@Gu@2@IPEAI@Z 00000001800013c0 f i Cooking.obj
 0001:00000450       ?getBounds@AABBTreeBounds@Gu@physx@@QEAAPEAVPxBounds3@3@XZ 0000000180001450 f i Cooking.obj
 0001:00000450       ?getBounds@AABBTreeBounds@Gu@physx@@QEBAPEBVPxBounds3@3@XZ 0000000180001450 f i Cooking.obj
 0001:00000460       ?getNbPrimitives@AABBTreeBuildNode@Gu@physx@@QEBAIXZ 0000000180001460 f i Cooking.obj
 0001:00000460       ?getNbRuntimePrimitives@AABBTreeBuildNode@Gu@physx@@QEBAIXZ 0000000180001460 f i Cooking.obj
 0001:00000470       ?getNeg@AABBTreeBuildNode@Gu@physx@@QEBAPEBV123@XZ 0000000180001470 f i Cooking.obj
 0001:00000490       ?getPos@AABBTreeBuildNode@Gu@physx@@QEBAPEBV123@XZ 0000000180001490 f i Cooking.obj
 0001:000004a0       ?getPrimitives@AABBTreeBuildNode@Gu@physx@@QEAAPEAIPEAI@Z 00000001800014a0 f i Cooking.obj
 0001:000004a0       ?getPrimitives@AABBTreeBuildNode@Gu@physx@@QEBAPEBIPEBI@Z 00000001800014a0 f i Cooking.obj
 0001:000004b0       ?isLeaf@AABBTreeBuildNode@Gu@physx@@QEBA_NXZ 00000001800014b0 f i Cooking.obj
 0001:000004c0       ?moveFrom@AABBTreeBounds@Gu@physx@@QEAAXAEAV123@@Z 00000001800014c0 f i Cooking.obj
 0001:000004d0       ?ownsMemory@AABBTreeBounds@Gu@physx@@QEBA_NXZ 00000001800014d0 f i Cooking.obj
 0001:000004e0       ?recreate@?$PxArray@USlab@NodeAllocator@Gu@physx@@V?$PxReflectionAllocator@USlab@NodeAllocator@Gu@physx@@@4@@physx@@IEAAXI@Z 00000001800014e0 f i Cooking.obj
 0001:000005e0       ?setBounds@AABBTreeBounds@Gu@physx@@QEAAXPEAVPxBounds3@3@@Z 00000001800015e0 f i Cooking.obj
 0001:000005f0       ?setNbRunTimePrimitives@AABBTreeBuildNode@Gu@physx@@QEAAXI@Z 00000001800015f0 f i Cooking.obj
 0001:00000600       ?takeOwnership@AABBTreeBounds@Gu@physx@@QEAAXXZ 0000000180001600 f i Cooking.obj
 0001:00000610       PxAssembleDeformableVolumeMesh 0000000180001610 f   Cooking.obj
 0001:00000620       PxComputeCollisionData     0000000180001620 f   Cooking.obj
 0001:00000630       PxComputeHullPolygons      0000000180001630 f   Cooking.obj
 0001:00000640       PxComputeModelsMapping     0000000180001640 f   Cooking.obj
 0001:00000650       PxComputeSimulationData    0000000180001650 f   Cooking.obj
 0001:00000660       PxCookBVH                  0000000180001660 f   Cooking.obj
 0001:00000670       PxCookConvexMesh           0000000180001670 f   Cooking.obj
 0001:00000680       PxCookDeformableVolumeMesh 0000000180001680 f   Cooking.obj
 0001:00000690       PxCookHeightField          0000000180001690 f   Cooking.obj
 0001:000006a0       PxCookTetrahedronMesh      00000001800016a0 f   Cooking.obj
 0001:000006b0       PxCookTriangleMesh         00000001800016b0 f   Cooking.obj
 0001:000006c0       PxCreateBVH                00000001800016c0 f   Cooking.obj
 0001:000006d0       PxCreateBVHInternal        00000001800016d0 f   Cooking.obj
 0001:00000760       PxCreateConvexMesh         0000000180001760 f   Cooking.obj
 0001:00000770       PxCreateDeformableVolumeMesh 0000000180001770 f   Cooking.obj
 0001:00000780       PxCreateHeightField        0000000180001780 f   Cooking.obj
 0001:00000790       PxCreateTetrahedronMesh    0000000180001790 f   Cooking.obj
 0001:000007a0       PxCreateTriangleMesh       00000001800017a0 f   Cooking.obj
 0001:000007b0       PxCreateTriangleMeshInternal 00000001800017b0 f   Cooking.obj
 0001:00000840       PxGetStandaloneInsertionCallback 0000000180001840 f   Cooking.obj
 0001:00000850       PxValidateConvexMesh       0000000180001850 f   Cooking.obj
 0001:00000860       PxValidateTriangleMesh     0000000180001860 f   Cooking.obj
 0001:00000870       ?cookingDelayHook@@YAP6A_JXZIPEAUDelayLoadInfo@@@Z 0000000180001870 f   WindowsCookingDelayLoadHook.obj
 0001:00000950       PxSetPhysXCookingDelayLoadHook 0000000180001950 f   WindowsCookingDelayLoadHook.obj
 0001:00000958       getInsertionCallback       0000000180001958 f   PhysXCommon_64:PhysXCommon_64.dll
 0001:0000095e       __tailMerge_physxcommon_64_dll 000000018000195e     PhysXCommon_64:PhysXCommon_64.dll
 0001:000009d7       __imp_load_getInsertionCallback 00000001800019d7 f   PhysXCommon_64:PhysXCommon_64.dll
 0001:000009e3       cookBVH                    00000001800019e3 f   PhysXCommon_64:PhysXCommon_64.dll
 0001:000009e9       __imp_load_cookBVH         00000001800019e9 f   PhysXCommon_64:PhysXCommon_64.dll
 0001:000009f5       createBVH                  00000001800019f5 f   PhysXCommon_64:PhysXCommon_64.dll
 0001:000009fb       __imp_load_createBVH       00000001800019fb f   PhysXCommon_64:PhysXCommon_64.dll
 0001:00000a07       cookHeightField            0000000180001a07 f   PhysXCommon_64:PhysXCommon_64.dll
 0001:00000a0d       __imp_load_cookHeightField 0000000180001a0d f   PhysXCommon_64:PhysXCommon_64.dll
 0001:00000a19       createHeightField          0000000180001a19 f   PhysXCommon_64:PhysXCommon_64.dll
 0001:00000a1f       __imp_load_createHeightField 0000000180001a1f f   PhysXCommon_64:PhysXCommon_64.dll
 0001:00000a2b       cookConvexMesh             0000000180001a2b f   PhysXCommon_64:PhysXCommon_64.dll
 0001:00000a31       __imp_load_cookConvexMesh  0000000180001a31 f   PhysXCommon_64:PhysXCommon_64.dll
 0001:00000a3d       createConvexMesh           0000000180001a3d f   PhysXCommon_64:PhysXCommon_64.dll
 0001:00000a43       __imp_load_createConvexMesh 0000000180001a43 f   PhysXCommon_64:PhysXCommon_64.dll
 0001:00000a4f       validateConvexMesh         0000000180001a4f f   PhysXCommon_64:PhysXCommon_64.dll
 0001:00000a55       __imp_load_validateConvexMesh 0000000180001a55 f   PhysXCommon_64:PhysXCommon_64.dll
 0001:00000a61       computeHullPolygons        0000000180001a61 f   PhysXCommon_64:PhysXCommon_64.dll
 0001:00000a67       __imp_load_computeHullPolygons 0000000180001a67 f   PhysXCommon_64:PhysXCommon_64.dll
 0001:00000a73       validateTriangleMesh       0000000180001a73 f   PhysXCommon_64:PhysXCommon_64.dll
 0001:00000a79       __imp_load_validateTriangleMesh 0000000180001a79 f   PhysXCommon_64:PhysXCommon_64.dll
 0001:00000a85       createTriangleMesh         0000000180001a85 f   PhysXCommon_64:PhysXCommon_64.dll
 0001:00000a8b       __imp_load_createTriangleMesh 0000000180001a8b f   PhysXCommon_64:PhysXCommon_64.dll
 0001:00000a97       cookTriangleMesh           0000000180001a97 f   PhysXCommon_64:PhysXCommon_64.dll
 0001:00000a9d       __imp_load_cookTriangleMesh 0000000180001a9d f   PhysXCommon_64:PhysXCommon_64.dll
 0001:00000aa9       cookTetrahedronMesh        0000000180001aa9 f   PhysXCommon_64:PhysXCommon_64.dll
 0001:00000aaf       __imp_load_cookTetrahedronMesh 0000000180001aaf f   PhysXCommon_64:PhysXCommon_64.dll
 0001:00000abb       createTetrahedronMesh      0000000180001abb f   PhysXCommon_64:PhysXCommon_64.dll
 0001:00000ac1       __imp_load_createTetrahedronMesh 0000000180001ac1 f   PhysXCommon_64:PhysXCommon_64.dll
 0001:00000acd       cookDeformableVolumeMesh   0000000180001acd f   PhysXCommon_64:PhysXCommon_64.dll
 0001:00000ad3       __imp_load_cookDeformableVolumeMesh 0000000180001ad3 f   PhysXCommon_64:PhysXCommon_64.dll
 0001:00000adf       createDeformableVolumeMesh 0000000180001adf f   PhysXCommon_64:PhysXCommon_64.dll
 0001:00000ae5       __imp_load_createDeformableVolumeMesh 0000000180001ae5 f   PhysXCommon_64:PhysXCommon_64.dll
 0001:00000af1       computeModelsMapping       0000000180001af1 f   PhysXCommon_64:PhysXCommon_64.dll
 0001:00000af7       __imp_load_computeModelsMapping 0000000180001af7 f   PhysXCommon_64:PhysXCommon_64.dll
 0001:00000b03       computeCollisionData       0000000180001b03 f   PhysXCommon_64:PhysXCommon_64.dll
 0001:00000b09       __imp_load_computeCollisionData 0000000180001b09 f   PhysXCommon_64:PhysXCommon_64.dll
 0001:00000b15       computeSimulationData      0000000180001b15 f   PhysXCommon_64:PhysXCommon_64.dll
 0001:00000b1b       __imp_load_computeSimulationData 0000000180001b1b f   PhysXCommon_64:PhysXCommon_64.dll
 0001:00000b27       assembleDeformableVolumeMesh 0000000180001b27 f   PhysXCommon_64:PhysXCommon_64.dll
 0001:00000b2d       __imp_load_assembleDeformableVolumeMesh 0000000180001b2d f   PhysXCommon_64:PhysXCommon_64.dll
 0001:00000b39       ?release@AABBTreeBounds@Gu@physx@@QEAAXXZ 0000000180001b39 f   PhysXCommon_64:PhysXCommon_64.dll
 0001:00000b3f       __imp_load_?release@AABBTreeBounds@Gu@physx@@QEAAXXZ 0000000180001b3f f   PhysXCommon_64:PhysXCommon_64.dll
 0001:00000b4b       ??0BVH@Gu@physx@@QEAA@AEBUPxBVHInternalData@2@@Z 0000000180001b4b f   PhysXCommon_64:PhysXCommon_64.dll
 0001:00000b51       __imp_load_??0BVH@Gu@physx@@QEAA@AEBUPxBVHInternalData@2@@Z 0000000180001b51 f   PhysXCommon_64:PhysXCommon_64.dll
 0001:00000b5d       ??0BV4TriangleMesh@Gu@physx@@QEAA@AEBUPxTriangleMeshInternalData@2@@Z 0000000180001b5d f   PhysXCommon_64:PhysXCommon_64.dll
 0001:00000b63       __imp_load_??0BV4TriangleMesh@Gu@physx@@QEAA@AEBUPxTriangleMeshInternalData@2@@Z 0000000180001b63 f   PhysXCommon_64:PhysXCommon_64.dll
 0001:00000b6f       PxGetBroadcastAllocator    0000000180001b6f f   PhysXFoundation_64:PhysXFoundation_64.dll
 0001:00000b75       __tailMerge_physxfoundation_64_dll 0000000180001b75     PhysXFoundation_64:PhysXFoundation_64.dll
 0001:00000bee       __imp_load_PxGetBroadcastAllocator 0000000180001bee f   PhysXFoundation_64:PhysXFoundation_64.dll
 0001:00000ce8       ?DloadAcquireSectionWriteAccess@@YAXXZ 0000000180001ce8 f i Delayimp:delayhlp.obj
 0001:00000da4       ?DloadGetSRWLockFunctionPointers@@YAEXZ 0000000180001da4 f i Delayimp:delayhlp.obj
 0001:00000e44       ?DloadMakePermanentImageCommit@@YAXPEAX_K@Z 0000000180001e44 f i Delayimp:delayhlp.obj
 0001:00000edc       ?DloadObtainSection@@YAPEAXPEAK0@Z 0000000180001edc f i Delayimp:delayhlp.obj
 0001:00000f78       ?DloadProtectSection@@YAXPEAX_KKPEAK@Z 0000000180001f78 f i Delayimp:delayhlp.obj
 0001:00001070       ?DloadReleaseSectionWriteAccess@@YAXXZ 0000000180002070 f i Delayimp:delayhlp.obj
 0001:0000111c       __delayLoadHelper2         000000018000211c f   Delayimp:delayhlp.obj
 0001:00001418       ??3@YAXPEAX@Z              0000000180002418 f   LIBCMT:delete_scalar.obj
 0001:00001420       ??3@YAXPEAX_K@Z            0000000180002420 f   LIBCMT:delete_scalar_size.obj
 0001:00001420       ??_V@YAXPEAX@Z             0000000180002420 f   LIBCMT:delete_array.obj
 0001:00001428       ??_V@YAXPEAX_K@Z           0000000180002428 f   LIBCMT:delete_array_size.obj
 0001:00001430       ??_Etype_info@@UEAAPEAXI@Z 0000000180002430 f i LIBCMT:std_type_info_static.obj
 0001:00001430       ??_Gtype_info@@UEAAPEAXI@Z 0000000180002430 f i LIBCMT:std_type_info_static.obj
 0001:0000145c       ?__scrt_initialize_type_info@@YAXXZ 000000018000245c f   LIBCMT:tncleanup.obj
 0001:0000146c       ?__scrt_uninitialize_type_info@@YAXXZ 000000018000246c f   LIBCMT:tncleanup.obj
 0001:0000178c       _DllMainCRTStartup         000000018000278c f   LIBCMT:dll_dllmain.obj
 0001:000017cc       __security_init_cookie     00000001800027cc f   LIBCMT:gs_support.obj
 0001:0000187c       ?length@charNode@@UEBAHXZ  000000018000287c f   libvcruntime:undname.obj
 0001:0000187c       ?raw_length@charNode@@UEBAHXZ 000000018000287c f   libvcruntime:undname.obj
 0001:0000187c       DllMain                    000000018000287c f   LIBCMT:dll_dllmain_stub.obj
 0001:0000187c       _get_startup_argv_mode     000000018000287c f   LIBCMT:argv_mode.obj
 0001:00001884       __local_stdio_printf_options 0000000180002884 f i LIBCMT:default_local_stdio_options.obj
 0001:0000188c       __local_stdio_scanf_options 000000018000288c f i LIBCMT:default_local_stdio_options.obj
 0001:00001894       __scrt_initialize_default_local_stdio_options 0000000180002894 f   LIBCMT:default_local_stdio_options.obj
 0001:000018b0       __scrt_acquire_startup_lock 00000001800028b0 f   LIBCMT:utility.obj
 0001:000018ec       __scrt_dllmain_after_initialize_c 00000001800028ec f   LIBCMT:utility.obj
 0001:00001920       __scrt_dllmain_before_initialize_c 0000000180002920 f   LIBCMT:utility.obj
 0001:00001938       __scrt_dllmain_crt_thread_attach 0000000180002938 f   LIBCMT:utility.obj
 0001:00001960       __scrt_dllmain_crt_thread_detach 0000000180002960 f   LIBCMT:utility.obj
 0001:00001978       __scrt_dllmain_exception_filter 0000000180002978 f   LIBCMT:utility.obj
 0001:000019d8       __scrt_dllmain_uninitialize_c 00000001800029d8 f   LIBCMT:utility.obj
 0001:00001a08       __scrt_dllmain_uninitialize_critical 0000000180002a08 f   LIBCMT:utility.obj
 0001:00001a1c       __scrt_initialize_crt      0000000180002a1c f   LIBCMT:utility.obj
 0001:00001a58       __scrt_initialize_onexit_tables 0000000180002a58 f   LIBCMT:utility.obj
 0001:00001ae4       __scrt_is_nonwritable_in_current_image 0000000180002ae4 f   LIBCMT:utility.obj
 0001:00001b7c       __scrt_release_startup_lock 0000000180002b7c f   LIBCMT:utility.obj
 0001:00001ba0       __scrt_uninitialize_crt    0000000180002ba0 f   LIBCMT:utility.obj
 0001:00001bcc       __scrt_get_dyn_tls_init_callback 0000000180002bcc f   LIBCMT:dyn_tls_init.obj
 0001:00001bd4       __crt_debugger_hook        0000000180002bd4 f   LIBCMT:utility_desktop.obj
 0001:00001be0       __scrt_fastfail            0000000180002be0 f   LIBCMT:utility_desktop.obj
 0001:00001d2c       _RTC_Initialize            0000000180002d2c f   LIBCMT:initsect.obj
 0001:00001d68       _RTC_Terminate             0000000180002d68 f   LIBCMT:initsect.obj
 0001:00001db0       __isa_available_init       0000000180002db0 f   LIBCMT:cpu_disp.obj
 0001:00002048       __scrt_is_ucrt_dll_in_use  0000000180003048 f   LIBCMT:ucrt_detection.obj
 0001:00002054       _get_purecall_handler      0000000180003054 f   libvcruntime:purevirt.obj
 0001:00002060       _purecall                  0000000180003060 f   libvcruntime:purevirt.obj
 0001:00002084       __std_type_info_compare    0000000180003084 f   libvcruntime:std_type_info.obj
 0001:000020ac       __std_type_info_destroy_list 00000001800030ac f   libvcruntime:std_type_info.obj
 0001:000020d8       __std_type_info_name       00000001800030d8 f   libvcruntime:std_type_info.obj
 0001:000021e8       strstr                     00000001800031e8 f   libvcruntime:strstr.obj
 0001:000023dc       __C_specific_handler       00000001800033dc f   libvcruntime:riscchandler.obj
 0001:000025f4       __vcrt_initialize          00000001800035f4 f   libvcruntime:initialization.obj
 0001:0000261c       __vcrt_thread_attach       000000018000361c f   libvcruntime:initialization.obj
 0001:00002630       __vcrt_thread_detach       0000000180003630 f   libvcruntime:initialization.obj
 0001:00002640       __vcrt_uninitialize        0000000180003640 f   libvcruntime:initialization.obj
 0001:0000265c       __vcrt_uninitialize_critical 000000018000365c f   libvcruntime:initialization.obj
 0001:0000266c       __DestructExceptionObject  000000018000366c f   libvcruntime:ehhelpers.obj
 0001:000026e0       ?_CallMemberFunction0@@YAXQEAX0@Z 00000001800036e0 f i libvcruntime:ehhelpers.obj
 0001:000026e4       _IsExceptionObjectToBeDestroyed 00000001800036e4 f   libvcruntime:ehhelpers.obj
 0001:00002714       __AdjustPointer            0000000180003714 f   libvcruntime:ehhelpers.obj
 0001:00002738       __FrameUnwindFilter        0000000180003738 f   libvcruntime:ehhelpers.obj
 0001:000027a0       __std_terminate            00000001800037a0 f   libvcruntime:ehhelpers.obj
 0001:000027b0       ??$?0$00@DName@@QEAA@PEAVUnDecorator@@PEBDU?$StringLifeSelector@$00@@@Z 00000001800037b0 f i libvcruntime:undname.obj
 0001:000027fc       ??$?0$01@DName@@QEAA@PEAVUnDecorator@@PEBDU?$StringLifeSelector@$01@@@Z 00000001800037fc f i libvcruntime:undname.obj
 0001:000027fc       ??$?0$0A@@DName@@QEAA@PEAVUnDecorator@@PEBDU?$StringLifeSelector@$0A@@@@Z 00000001800037fc f i libvcruntime:undname.obj
 0001:00002848       ??$?0$01@pcharNode@@QEAA@PEBDHU?$StringLifeSelector@$01@@AEAV_HeapManager@@@Z 0000000180003848 f i libvcruntime:undname.obj
 0001:00002848       ??$?0$0A@@pcharNode@@QEAA@PEBDHU?$StringLifeSelector@$0A@@@AEAV_HeapManager@@@Z 0000000180003848 f i libvcruntime:undname.obj
 0001:000028bc       ??$append@VDNameNode@@@DName@@AEAAXPEBVDNameNode@@@Z 00000001800038bc f i libvcruntime:undname.obj
 0001:000028bc       ??$append@VDNameStatusNode@@@DName@@AEAAXPEBVDNameStatusNode@@@Z 00000001800038bc f i libvcruntime:undname.obj
 0001:000028bc       ??$append@VcharNode@@@DName@@AEAAXPEBVcharNode@@@Z 00000001800038bc f i libvcruntime:undname.obj
 0001:000028bc       ??$append@VpcharNode@@@DName@@AEAAXPEBVpcharNode@@@Z 00000001800038bc f i libvcruntime:undname.obj
 0001:00002928       ??$doPchar@$00@DName@@AEAAXPEBDH@Z 0000000180003928 f i libvcruntime:undname.obj
 0001:000029d0       ??$doPchar@$01@DName@@AEAAXPEBDH@Z 00000001800039d0 f i libvcruntime:undname.obj
 0001:000029d0       ??$doPchar@$0A@@DName@@AEAAXPEBDH@Z 00000001800039d0 f i libvcruntime:undname.obj
 0001:00002a88       ??0DName@@QEAA@PEAVUnDecorator@@AEAPEBDD@Z 0000000180003a88 f   libvcruntime:undname.obj
 0001:00002b4c       ??0DName@@QEAA@PEAVUnDecorator@@AEBUStringLiteral@@@Z 0000000180003b4c f   libvcruntime:undname.obj
 0001:00002b84       ??0DName@@QEAA@PEAVUnDecorator@@D@Z 0000000180003b84 f   libvcruntime:undname.obj
 0001:00002bb0       ??0DName@@QEAA@PEAVUnDecorator@@PEAV0@@Z 0000000180003bb0 f   libvcruntime:undname.obj
 0001:00002c38       ??0DName@@QEAA@PEAVUnDecorator@@W4DNameStatus@@@Z 0000000180003c38 f   libvcruntime:undname.obj
 0001:00002c6c       ??0DName@@QEAA@PEAVUnDecorator@@_J@Z 0000000180003c6c f   libvcruntime:undname.obj
 0001:00002d18       ??0DName@@QEAA@PEAVUnDecorator@@_K@Z 0000000180003d18 f   libvcruntime:undname.obj
 0001:00002da4       ??0DNameNode@@IEAA@XZ      0000000180003da4 f i libvcruntime:undname.obj
 0001:00002db4       ??0UnDecorator@@QEAA@PEBDP6APEADJ@ZKP6APEAX_K@ZP6AXPEAX@Z@Z 0000000180003db4 f i libvcruntime:undname.obj
 0001:00002ea4       ??2@YAPEAX_KAEAV_HeapManager@@H@Z 0000000180003ea4 f   libvcruntime:undname.obj
 0001:00002ecc       ??4DName@@QEAAAEAV0@AEBUStringLiteral@@@Z 0000000180003ecc f   libvcruntime:undname.obj
 0001:00002ef8       ??AReplicator@@QEBA?AVDName@@H@Z 0000000180003ef8 f   libvcruntime:undname.obj
 0001:00002f54       ??HDName@@QEBA?AV0@AEBUStringLiteral@@@Z 0000000180003f54 f   libvcruntime:undname.obj
 0001:00002f88       ??HDName@@QEBA?AV0@AEBV0@@Z 0000000180003f88 f   libvcruntime:undname.obj
 0001:00002fbc       ??HDName@@QEBA?AV0@D@Z     0000000180003fbc f   libvcruntime:undname.obj
 0001:00002ff0       ??HDName@@QEBA?AV0@W4DNameStatus@@@Z 0000000180003ff0 f   libvcruntime:undname.obj
 0001:00003024       ??YDName@@QEAAAEAV0@AEBUStringLiteral@@@Z 0000000180004024 f   libvcruntime:undname.obj
 0001:0000309c       ??YDName@@QEAAAEAV0@AEBV0@@Z 000000018000409c f   libvcruntime:undname.obj
 0001:00003154       ??YDName@@QEAAAEAV0@D@Z    0000000180004154 f   libvcruntime:undname.obj
 0001:000031cc       ??YDName@@QEAAAEAV0@W4DNameStatus@@@Z 00000001800041cc f   libvcruntime:undname.obj
 0001:00003238       ??YReplicator@@QEAAAEAV0@AEBVDName@@@Z 0000000180004238 f   libvcruntime:undname.obj
 0001:0000329c       ?UScore@UnDecorator@@QEAA?AUStringLiteral@@W4Tokens@@@Z 000000018000429c f   libvcruntime:undname.obj
 0001:000032dc       ?composeDeclaration@UnDecorator@@AEAA?AVDName@@AEBV2@@Z 00000001800042dc f i libvcruntime:undname.obj
 0001:000044f8       ?doPchar@DName@@AEAAXD@Z   00000001800054f8 f   libvcruntime:undname.obj
 0001:00004550       ?getAddressOf@UnDecorator@@AEAA?AVDName@@XZ 0000000180005550 f   libvcruntime:undname.obj
 0001:000045f0       ?getArgumentList@UnDecorator@@AEAA?AVDName@@XZ 00000001800055f0 f   libvcruntime:undname.obj
 0001:0000479c       ?getArgumentTypes@UnDecorator@@AEAA?AVDName@@XZ 000000018000579c f   libvcruntime:undname.obj
 0001:0000490c       ?getArrayAccess@UnDecorator@@AEAA?AVDName@@XZ 000000018000590c f   libvcruntime:undname.obj
 0001:000049bc       ?getArrayObject@UnDecorator@@AEAA?AVDName@@XZ 00000001800059bc f   libvcruntime:undname.obj
 0001:00004aa4       ?getArrayType@UnDecorator@@AEAA?AVDName@@AEBV2@@Z 0000000180005aa4 f i libvcruntime:undname.obj
 0001:00004d1c       ?getBasedType@UnDecorator@@AEAA?AVDName@@XZ 0000000180005d1c f   libvcruntime:undname.obj
 0001:00004e30       ?getBasicDataType@UnDecorator@@AEAA?AVDName@@AEBV2@@Z 0000000180005e30 f   libvcruntime:undname.obj
 0001:00005574       ?getCallingConvention@UnDecorator@@AEAA?AVDName@@XZ 0000000180006574 f   libvcruntime:undname.obj
 0001:000056b4       ?getDataIndirectType@UnDecorator@@AEAA?AVDName@@AEBV2@W4IndirectionKind@@0H@Z 00000001800066b4 f   libvcruntime:undname.obj
 0001:00006250       ?getDataType@UnDecorator@@AEAA?AVDName@@PEAV2@@Z 0000000180007250 f   libvcruntime:undname.obj
 0001:00006394       ?getDecoratedName@UnDecorator@@AEAA?AVDName@@XZ 0000000180007394 f   libvcruntime:undname.obj
 0001:000066d0       ?getDimension@UnDecorator@@AEAA?AVDName@@_N@Z 00000001800076d0 f   libvcruntime:undname.obj
 0001:00006838       ?getDispatchTarget@UnDecorator@@AEAA?AVDName@@XZ 0000000180007838 f   libvcruntime:undname.obj
 0001:000068b0       ?getECSUDataType@UnDecorator@@AEAA?AVDName@@XZ 00000001800078b0 f   libvcruntime:undname.obj
 0001:00006af4       ?getEnumType@UnDecorator@@AEAA?AVDName@@XZ 0000000180007af4 f i libvcruntime:undname.obj
 0001:00006c54       ?getExtendedDataIndirectType@UnDecorator@@AEAA?AVDName@@AEAW4IndirectionKind@@AEA_NH@Z 0000000180007c54 f   libvcruntime:undname.obj
 0001:00006ed4       ?getExternalDataType@UnDecorator@@AEAA?AVDName@@AEBV2@@Z 0000000180007ed4 f i libvcruntime:undname.obj
 0001:00006fd0       ?getFloatingPoint@UnDecorator@@AEAA?AVDName@@H@Z 0000000180007fd0 f   libvcruntime:undname.obj
 0001:00007138       ?getFunctionIndirectType@UnDecorator@@AEAA?AVDName@@AEBV2@@Z 0000000180008138 f   libvcruntime:undname.obj
 0001:000076dc       ?getLastChar@DNameStatusNode@@UEBADXZ 00000001800086dc f i libvcruntime:undname.obj
 0001:000076e8       ?getLastChar@charNode@@UEBADXZ 00000001800086e8 f i libvcruntime:undname.obj
 0001:000076ec       ?getLastChar@pDNameNode@@UEBADXZ 00000001800086ec f i libvcruntime:undname.obj
 0001:00007718       ?getLastChar@pairNode@@UEBADXZ 0000000180008718 f i libvcruntime:undname.obj
 0001:00007750       ?getLastChar@pcharNode@@UEBADXZ 0000000180008750 f i libvcruntime:undname.obj
 0001:00007764       ?getMemberAccess@UnDecorator@@AEAA?AVDName@@XZ 0000000180008764 f   libvcruntime:undname.obj
 0001:00007810       ?getMemoryWithBuffer@_HeapManager@@QEAAPEAX_K@Z 0000000180008810 f   libvcruntime:undname.obj
 0001:000078a0       ?getNoexcept@UnDecorator@@AEAA?AVDName@@XZ 00000001800088a0 f   libvcruntime:undname.obj
 0001:00007914       ?getNumberOfDimensions@UnDecorator@@AEAAHXZ 0000000180008914 f   libvcruntime:undname.obj
 0001:0000797c       ?getOperatorName@UnDecorator@@AEAA?AVDName@@_NPEA_N@Z 000000018000897c f i libvcruntime:undname.obj
 0001:00008530       ?getPointerToMember@UnDecorator@@AEAA?AVDName@@XZ 0000000180009530 f   libvcruntime:undname.obj
 0001:00008640       ?getPrimaryDataType@UnDecorator@@AEAA?AVDName@@AEBV2@@Z 0000000180009640 f   libvcruntime:undname.obj
 0001:00008958       ?getPtrRefDataType@UnDecorator@@AEAA?AVDName@@AEBV2@H@Z 0000000180009958 f   libvcruntime:undname.obj
 0001:00008b58       ?getPtrRefType@UnDecorator@@AEAA?AVDName@@AEBV2@0W4IndirectionKind@@@Z 0000000180009b58 f   libvcruntime:undname.obj
 0001:00008cc4       ?getRestrictionSpec@UnDecorator@@AEAA?AVDName@@XZ 0000000180009cc4 f   libvcruntime:undname.obj
 0001:00008f28       ?getReturnType@UnDecorator@@AEAA?AVDName@@PEAV2@@Z 0000000180009f28 f   libvcruntime:undname.obj
 0001:00008f64       ?getScope@UnDecorator@@AEAA?AVDName@@XZ 0000000180009f64 f   libvcruntime:undname.obj
 0001:0000942c       ?getScopedName@UnDecorator@@AEAA?AVDName@@XZ 000000018000a42c f   libvcruntime:undname.obj
 0001:000095a0       ?getSignedDimension@UnDecorator@@AEAA?AVDName@@XZ 000000018000a5a0 f   libvcruntime:undname.obj
 0001:00009624       ?getString@DNameStatusNode@@UEBAPEADPEAD0@Z 000000018000a624 f i libvcruntime:undname.obj
 0001:0000966c       ?getString@charNode@@UEBAPEADPEAD0@Z 000000018000a66c f i libvcruntime:undname.obj
 0001:00009680       ?getString@pDNameNode@@UEBAPEADPEAD0@Z 000000018000a680 f i libvcruntime:undname.obj
 0001:000096b0       ?getString@pairNode@@UEBAPEADPEAD0@Z 000000018000a6b0 f i libvcruntime:undname.obj
 0001:000096fc       ?getString@pcharNode@@UEBAPEADPEAD0@Z 000000018000a6fc f i libvcruntime:undname.obj
 0001:00009734       ?getStringEncoding@UnDecorator@@AEAA?AVDName@@W4PrefixKind@@H@Z 000000018000a734 f   libvcruntime:undname.obj
 0001:00009864       ?getStringObject@UnDecorator@@AEAA?AVDName@@XZ 000000018000a864 f   libvcruntime:undname.obj
 0001:0000990c       ?getSymbolName@UnDecorator@@AEAA?AVDName@@XZ 000000018000a90c f i libvcruntime:undname.obj
 0001:0000995c       ?getTemplateArgumentList@UnDecorator@@AEAA?AVDName@@XZ 000000018000a95c f   libvcruntime:undname.obj
 0001:00009bc0       ?getTemplateName@UnDecorator@@AEAA?AVDName@@_N@Z 000000018000abc0 f   libvcruntime:undname.obj
 0001:00009ed8       ?getTemplateNonTypeArgument@UnDecorator@@AEAA?AVDName@@XZ 000000018000aed8 f   libvcruntime:undname.obj
 0001:0000a37c       ?getTemplateTypeArgument@UnDecorator@@AEAA?AVDName@@XZ 000000018000b37c f   libvcruntime:undname.obj
 0001:0000a4f8       ?getThrowTypes@UnDecorator@@AEAA?AVDName@@XZ 000000018000b4f8 f   libvcruntime:undname.obj
 0001:0000a524       ?getTypeEncoding@UnDecorator@@AEAAHXZ 000000018000b524 f i libvcruntime:undname.obj
 0001:0000a8e0       ?getUndecoratedName@UnDecorator@@QEAAPEADPEADH@Z 000000018000b8e0 f i libvcruntime:undname.obj
 0001:0000aa14       ?getUnionObject@UnDecorator@@AEAA?AVDName@@XZ 000000018000ba14 f   libvcruntime:undname.obj
 0001:0000ab04       ?getVCallThunkType@UnDecorator@@AEAA?AVDName@@XZ 000000018000bb04 f i libvcruntime:undname.obj
 0001:0000ab78       ?getValue@UnDecorator@@AEAA?AV?$optional@_K@std@@XZ 000000018000bb78 f   libvcruntime:undname.obj
 0001:0000abbc       ?getValueObject@UnDecorator@@AEAA?AVDName@@XZ 000000018000bbbc f   libvcruntime:undname.obj
 0001:0000ad5c       ?getVdispMapType@UnDecorator@@AEAA?AVDName@@AEBV2@@Z 000000018000bd5c f i libvcruntime:undname.obj
 0001:0000adf4       ?getVfTableType@UnDecorator@@AEAA?AVDName@@AEBV2@@Z 000000018000bdf4 f i libvcruntime:undname.obj
 0001:0000b030       ?getZName@UnDecorator@@AEAA?AVDName@@_N0@Z 000000018000c030 f   libvcruntime:undname.obj
 0001:0000b32c       ?length@DNameStatusNode@@UEBAHXZ 000000018000c32c f i libvcruntime:undname.obj
 0001:0000b32c       ?raw_length@DNameStatusNode@@UEBAHXZ 000000018000c32c f i libvcruntime:undname.obj
 0001:0000b330       ?length@pDNameNode@@UEBAHXZ 000000018000c330 f i libvcruntime:undname.obj
 0001:0000b358       ?length@pairNode@@UEBAHXZ  000000018000c358 f i libvcruntime:undname.obj
 0001:0000b3ac       ?length@pcharNode@@UEBAHXZ 000000018000c3ac f i libvcruntime:undname.obj
 0001:0000b3ac       ?raw_length@pcharNode@@UEBAHXZ 000000018000c3ac f i libvcruntime:undname.obj
 0001:0000b3b0       ?make@DNameStatusNode@@SAPEBV1@W4DNameStatus@@@Z 000000018000c3b0 f i libvcruntime:undname.obj
 0001:0000b3d0       ?parseDecoratedName@UnDecorator@@AEAA?AVDName@@XZ 000000018000c3d0 f   libvcruntime:undname.obj
 0001:0000b504       ?raw_length@pDNameNode@@UEBAHXZ 000000018000c504 f i libvcruntime:undname.obj
 0001:0000b508       ?raw_length@pairNode@@UEBAHXZ 000000018000c508 f i libvcruntime:undname.obj
 0001:0000b50c       __unDName                  000000018000c50c f   libvcruntime:undname.obj
 0001:0000b538       __unDNameEx                000000018000c538 f   libvcruntime:undname.obj
 0001:0000b614       snprintf                   000000018000c614 f i libvcruntime:undname.obj
 0001:0000b670       sprintf_s                  000000018000c670 f i libvcruntime:undname.obj
 0001:0000b700       _NLG_Notify                000000018000c700 f   libvcruntime:notify.obj
 0001:0000b720       __NLG_Dispatch2            000000018000c720 f   libvcruntime:notify.obj
 0001:0000b730       __NLG_Return2              000000018000c730 f   libvcruntime:notify.obj
 0001:0000b734       __except_validate_context_record 000000018000c734 f   libvcruntime:jbcxrval.obj
 0001:0000b770       __vcrt_freefls             000000018000c770 f   libvcruntime:per_thread_data.obj
 0001:0000b790       __vcrt_freeptd_for_this_thread 000000018000c790 f   libvcruntime:per_thread_data.obj
 0001:0000b7d8       __vcrt_getptd              000000018000c7d8 f   libvcruntime:per_thread_data.obj
 0001:0000b7f4       __vcrt_getptd_noexit       000000018000c7f4 f   libvcruntime:per_thread_data.obj
 0001:0000b8c0       __vcrt_initialize_ptd      000000018000c8c0 f   libvcruntime:per_thread_data.obj
 0001:0000b908       __vcrt_uninitialize_ptd    000000018000c908 f   libvcruntime:per_thread_data.obj
 0001:0000b930       __vcrt_initialize_locks    000000018000c930 f   libvcruntime:locks.obj
 0001:0000b978       __vcrt_lock                000000018000c978 f   libvcruntime:locks.obj
 0001:0000b994       __vcrt_uninitialize_locks  000000018000c994 f   libvcruntime:locks.obj
 0001:0000b9cc       __vcrt_unlock              000000018000c9cc f   libvcruntime:locks.obj
 0001:0000b9e8       ??$_CallSETranslator@V__FrameHandler3@@@@YAHPEAUEHExceptionRecord@@PEA_KPEAU_CONTEXT@@PEAU_xDISPATCHER_CONTEXT@@PEBU_s_FuncInfo@@K1H@Z 000000018000c9e8 f i libvcruntime:risctrnsctrl.obj
 0001:0000ba3c       ??$_CallSETranslator@V__FrameHandler4@@@@YAHPEAUEHExceptionRecord@@PEA_KPEAU_CONTEXT@@PEAU_xDISPATCHER_CONTEXT@@PEAUFuncInfo4@FH4@@K1H@Z 000000018000ca3c f i libvcruntime:risctrnsctrl.obj
 0001:0000ba90       ?CatchTryBlock@__FrameHandler3@@SAPEBU_s_TryBlockMapEntry@@PEBU_s_FuncInfo@@H@Z 000000018000ca90 f   libvcruntime:risctrnsctrl.obj
 0001:0000baf4       ?DecompFuncInfo@FH4@@YA_JPEAEAEAUFuncInfo4@1@_KH_N@Z 000000018000caf4 f i libvcruntime:risctrnsctrl.obj
 0001:0000bc20       ?ExecutionInCatch@__FrameHandler3@@SA_NPEAU_xDISPATCHER_CONTEXT@@PEBU_s_FuncInfo@@@Z 000000018000cc20 f   libvcruntime:risctrnsctrl.obj
 0001:0000bc4c       ?ExecutionInCatch@__FrameHandler4@@SA_NPEAU_xDISPATCHER_CONTEXT@@PEAUFuncInfo4@FH4@@@Z 000000018000cc4c f   libvcruntime:risctrnsctrl.obj
 0001:0000bc54       ?FrameUnwindToEmptyState@__FrameHandler3@@SAXPEA_KPEAU_xDISPATCHER_CONTEXT@@PEBU_s_FuncInfo@@@Z 000000018000cc54 f   libvcruntime:risctrnsctrl.obj
 0001:0000bcb8       ?FrameUnwindToEmptyState@__FrameHandler4@@SAXPEA_KPEAU_xDISPATCHER_CONTEXT@@PEAUFuncInfo4@FH4@@@Z 000000018000ccb8 f   libvcruntime:risctrnsctrl.obj
 0001:0000bcec       ?GetEstablisherFrame@__FrameHandler3@@SAPEA_KPEA_KPEAU_xDISPATCHER_CONTEXT@@PEBU_s_FuncInfo@@0@Z 000000018000ccec f   libvcruntime:risctrnsctrl.obj
 0001:0000bdd4       ?GetEstablisherFrame@__FrameHandler4@@SAPEA_KPEA_KPEAU_xDISPATCHER_CONTEXT@@PEAUFuncInfo4@FH4@@0@Z 000000018000cdd4 f   libvcruntime:risctrnsctrl.obj
 0001:0000bdf8       ?GetRangeOfTrysToCheck@__FrameHandler3@@SA?AU?$pair@Viterator@TryBlockMap@__FrameHandler3@@V123@@std@@AEAVTryBlockMap@1@HPEAU_xDISPATCHER_CONTEXT@@PEBU_s_FuncInfo@@H@Z 000000018000cdf8 f   libvcruntime:risctrnsctrl.obj
 0001:0000bf30       ?GetRangeOfTrysToCheck@__FrameHandler4@@SA?AU?$pair@Viterator@TryBlockMap4@FH4@@V123@@std@@AEAVTryBlockMap4@FH4@@HPEAU_xDISPATCHER_CONTEXT@@PEAUFuncInfo4@5@H@Z 000000018000cf30 f   libvcruntime:risctrnsctrl.obj
 0001:0000c0b0       ?UnwindNestedFrames@__FrameHandler3@@SAXPEA_KPEAUEHExceptionRecord@@PEAU_CONTEXT@@0PEAXPEBU_s_FuncInfo@@HHPEBU_s_HandlerType@@PEAU_xDISPATCHER_CONTEXT@@E@Z 000000018000d0b0 f   libvcruntime:risctrnsctrl.obj
 0001:0000c1b4       ?UnwindNestedFrames@__FrameHandler4@@SAXPEA_KPEAUEHExceptionRecord@@PEAU_CONTEXT@@0PEAXPEAUFuncInfo4@FH4@@HHPEAUHandlerType4@5@PEAU_xDISPATCHER_CONTEXT@@E@Z 000000018000d1b4 f   libvcruntime:risctrnsctrl.obj
 0001:0000c2d4       ?setBuffer@TryBlockMap4@FH4@@QEAAXViterator@12@@Z 000000018000d2d4 f i libvcruntime:risctrnsctrl.obj
 0001:0000c4c0       _CreateFrameInfo           000000018000d4c0 f   libvcruntime:risctrnsctrl.obj
 0001:0000c4fc       _FindAndUnlinkFrame        000000018000d4fc f   libvcruntime:risctrnsctrl.obj
 0001:0000c550       _GetImageBase              000000018000d550 f   libvcruntime:risctrnsctrl.obj
 0001:0000c564       _GetThrowImageBase         000000018000d564 f   libvcruntime:risctrnsctrl.obj
 0001:0000c578       _SetImageBase              000000018000d578 f   libvcruntime:risctrnsctrl.obj
 0001:0000c590       _SetThrowImageBase         000000018000d590 f   libvcruntime:risctrnsctrl.obj
 0001:0000c5a8       __CxxFrameHandler3         000000018000d5a8 f   libvcruntime:risctrnsctrl.obj
 0001:0000c630       __CxxFrameHandler4         000000018000d630 f   libvcruntime:risctrnsctrl.obj
 0001:0000c850       __vcrt_FlsAlloc            000000018000d850 f   libvcruntime:winapi_downlevel.obj
 0001:0000c898       __vcrt_FlsFree             000000018000d898 f   libvcruntime:winapi_downlevel.obj
 0001:0000c8e0       __vcrt_FlsGetValue         000000018000d8e0 f   libvcruntime:winapi_downlevel.obj
 0001:0000c928       __vcrt_FlsSetValue         000000018000d928 f   libvcruntime:winapi_downlevel.obj
 0001:0000c97c       __vcrt_InitializeCriticalSectionEx 000000018000d97c f   libvcruntime:winapi_downlevel.obj
 0001:0000c9e0       ?GetCurrentState@__FrameHandler3@@SAHPEA_KPEAU_xDISPATCHER_CONTEXT@@PEBU_s_FuncInfo@@@Z 000000018000d9e0 f   libvcruntime:ehstate.obj
 0001:0000ca08       ?GetUnwindTryBlock@__FrameHandler3@@SAHPEA_KPEAU_xDISPATCHER_CONTEXT@@PEBU_s_FuncInfo@@@Z 000000018000da08 f   libvcruntime:ehstate.obj
 0001:0000ca34       ?SetState@__FrameHandler3@@SAXPEA_KPEBU_s_FuncInfo@@H@Z 000000018000da34 f   libvcruntime:ehstate.obj
 0001:0000ca40       ?SetUnwindTryBlock@__FrameHandler3@@SAXPEA_KPEAU_xDISPATCHER_CONTEXT@@PEBU_s_FuncInfo@@H@Z 000000018000da40 f   libvcruntime:ehstate.obj
 0001:0000ca7c       ?StateFromControlPc@__FrameHandler3@@SAHPEBU_s_FuncInfo@@PEAU_xDISPATCHER_CONTEXT@@@Z 000000018000da7c f   libvcruntime:ehstate.obj
 0001:0000ca84       ?StateFromControlPc@__FrameHandler4@@SAHPEAUFuncInfo4@FH4@@PEAU_xDISPATCHER_CONTEXT@@@Z 000000018000da84 f   libvcruntime:ehstate.obj
 0001:0000ca8c       ?StateFromIp@__FrameHandler3@@SAHPEBU_s_FuncInfo@@PEAU_xDISPATCHER_CONTEXT@@_K@Z 000000018000da8c f   libvcruntime:ehstate.obj
 0001:0000caf4       ?StateFromIp@__FrameHandler4@@SAHPEAUFuncInfo4@FH4@@PEAU_xDISPATCHER_CONTEXT@@_K@Z 000000018000daf4 f   libvcruntime:ehstate.obj
 0001:0000e2a0       ??$TypeMatchHelper@V__FrameHandler3@@@@YAHPEBU_s_HandlerType@@PEBU_s_CatchableType@@PEBU_s_ThrowInfo@@@Z 000000018000f2a0 f i libvcruntime:frame.obj
 0001:0000e3d0       ??$TypeMatchHelper@V__FrameHandler4@@@@YAHPEAUHandlerType4@FH4@@PEBU_s_CatchableType@@PEBU_s_ThrowInfo@@@Z 000000018000f3d0 f i libvcruntime:frame.obj
 0001:0000e520       ??$__InternalCxxFrameHandler@V__FrameHandler3@@@@YA?AW4_EXCEPTION_DISPOSITION@@PEAUEHExceptionRecord@@PEA_KPEAU_CONTEXT@@PEAU_xDISPATCHER_CONTEXT@@PEBU_s_FuncInfo@@H1E@Z 000000018000f520 f i libvcruntime:frame.obj
 0001:0000e754       ??$__InternalCxxFrameHandler@V__FrameHandler4@@@@YA?AW4_EXCEPTION_DISPOSITION@@PEAUEHExceptionRecord@@PEA_KPEAU_CONTEXT@@PEAU_xDISPATCHER_CONTEXT@@PEAUFuncInfo4@FH4@@H1E@Z 000000018000f754 f i libvcruntime:frame.obj
 0001:0000e9fc       ??$__InternalCxxFrameHandlerWrapper@V__FrameHandler3@@@@YA?AW4_EXCEPTION_DISPOSITION@@PEAUEHExceptionRecord@@PEA_KPEAU_CONTEXT@@PEAU_xDISPATCHER_CONTEXT@@PEBU_s_FuncInfo@@H1E@Z 000000018000f9fc f i libvcruntime:frame.obj
 0001:0000ea04       ??$__InternalCxxFrameHandlerWrapper@V__FrameHandler4@@@@YA?AW4_EXCEPTION_DISPOSITION@@PEAUEHExceptionRecord@@PEA_KPEAU_CONTEXT@@PEAU_xDISPATCHER_CONTEXT@@PEAUFuncInfo4@FH4@@H1E@Z 000000018000fa04 f i libvcruntime:frame.obj
 0001:0000ea50       ??0HandlerMap4@FH4@@QEAA@PEBUTryBlockMapEntry4@1@_KH@Z 000000018000fa50 f i libvcruntime:frame.obj
 0001:0000ead4       ??0TryBlockMap4@FH4@@QEAA@PEBUFuncInfo4@1@_K@Z 000000018000fad4 f i libvcruntime:frame.obj
 0001:0000ebb8       ??0bad_exception@std@@QEAA@AEBV01@@Z 000000018000fbb8 f i libvcruntime:frame.obj
 0001:0000ebf4       ??0bad_exception@std@@QEAA@XZ 000000018000fbf4 f i libvcruntime:frame.obj
 0001:0000ec18       ??0exception@std@@QEAA@AEBV01@@Z 000000018000fc18 f i libvcruntime:frame.obj
 0001:0000ec4c       ??1bad_exception@std@@UEAA@XZ 000000018000fc4c f i libvcruntime:frame.obj
 0001:0000ec60       ??_Ebad_exception@std@@UEAAPEAXI@Z 000000018000fc60 f i libvcruntime:frame.obj
 0001:0000ec60       ??_Eexception@std@@UEAAPEAXI@Z 000000018000fc60 f i libvcruntime:frame.obj
 0001:0000ec60       ??_Gbad_exception@std@@UEAAPEAXI@Z 000000018000fc60 f i libvcruntime:frame.obj
 0001:0000ec60       ??_Gexception@std@@UEAAPEAXI@Z 000000018000fc60 f i libvcruntime:frame.obj
 0001:0000eca4       ?CxxCallCatchBlock@__FrameHandler3@@SAPEAXPEAU_EXCEPTION_RECORD@@@Z 000000018000fca4 f   libvcruntime:frame.obj
 0001:0000ee90       ?CxxCallCatchBlock@__FrameHandler4@@SAPEAXPEAU_EXCEPTION_RECORD@@@Z 000000018000fe90 f   libvcruntime:frame.obj
 0001:0000f0d0       ?DecompHandler@HandlerMap4@FH4@@AEAAXXZ 00000001800100d0 f i libvcruntime:frame.obj
 0001:0000f320       ?FrameUnwindToState@__FrameHandler3@@SAXPEA_KPEAU_xDISPATCHER_CONTEXT@@PEBU_s_FuncInfo@@H@Z 0000000180010320 f   libvcruntime:frame.obj
 0001:0000f4ac       ?FrameUnwindToState@__FrameHandler4@@SAXPEA_KPEAU_xDISPATCHER_CONTEXT@@PEAUFuncInfo4@FH4@@H@Z 00000001800104ac f   libvcruntime:frame.obj
 0001:0000f7b8       ?GetHandlerSearchState@__FrameHandler3@@SAHPEA_KPEAU_xDISPATCHER_CONTEXT@@PEBU_s_FuncInfo@@@Z 00000001800107b8 f i libvcruntime:frame.obj
 0001:0000f9c0       ?ReadEntry@UWMap4@FH4@@AEAAXPEAPEAE@Z 00000001800109c0 f i libvcruntime:frame.obj
 0001:0000fa60       ?_CallMemberFunction1@@YAXQEAX00@Z 0000000180010a60 f i libvcruntime:frame.obj
 0001:0000fa6c       ?_CallMemberFunction2@@YAXQEAX00H@Z 0000000180010a6c f i libvcruntime:frame.obj
 0001:0000fa7c       ?getStartStop@UWMap4@FH4@@QEAAXHHAEAViterator@12@0@Z 0000000180010a7c f i libvcruntime:frame.obj
 0001:0000fb4c       ?getStateFromIterators@UWMap4@FH4@@SAHAEBViterator@12@H0H0@Z 0000000180010b4c f i libvcruntime:frame.obj
 0001:0000fbfc       ?what@exception@std@@UEBAPEBDXZ 0000000180010bfc f i libvcruntime:frame.obj
 0001:0000fc50       _CallSettingFrame          0000000180010c50 f   libvcruntime:handlers.obj
 0001:0000fc90       _CallSettingFrame_LookupContinuationIndex 0000000180010c90 f   libvcruntime:handlers.obj
 0001:0000fcc0       _CallSettingFrame_NotifyContinuationAddr 0000000180010cc0 f   libvcruntime:handlers.obj
 0001:0000fcf0       _CallSettingFrameEncoded   0000000180010cf0 f   libvcruntime:handlers.obj
 0001:0000fd38       __std_exception_copy       0000000180010d38 f   libvcruntime:std_exception.obj
 0001:0000fdc0       __std_exception_destroy    0000000180010dc0 f   libvcruntime:std_exception.obj
 0001:0000fde8       _CxxThrowException         0000000180010de8 f   libvcruntime:throw.obj
 0001:0000fe90       free                       0000000180010e90 f   libucrt:free.obj
 0001:0000fe98       _initterm                  0000000180010e98 f   libucrt:initterm.obj
 0001:0000fed0       _initterm_e                0000000180010ed0 f   libucrt:initterm.obj
 0001:0000ff0c       _seh_filter_dll            0000000180010f0c f   libucrt:exception_filter.obj
 0001:0000ff20       _seh_filter_exe            0000000180010f20 f   libucrt:exception_filter.obj
 0001:000102fc       __acrt_initialize_thread_local_exit_callback 00000001800112fc f   libucrt:exit.obj
 0001:00010304       _cexit                     0000000180011304 f   libucrt:exit.obj
 0001:00010314       _exit                      0000000180011314 f   libucrt:exit.obj
 0001:00010320       _is_c_termination_complete 0000000180011320 f   libucrt:exit.obj
 0001:000104e8       __acrt_allocate_buffer_for_argv 00000001800114e8 f   libucrt:argv_parsing.obj
 0001:00010548       _configure_narrow_argv     0000000180011548 f   libucrt:argv_parsing.obj
 0001:000108cc       __dcrt_uninitialize_environments_nolock 00000001800118cc f   libucrt:environment_initialization.obj
 0001:00010910       _initialize_narrow_environment 0000000180011910 f   libucrt:environment_initialization.obj
 0001:00010a6c       _execute_onexit_table      0000000180011a6c f   libucrt:onexit.obj
 0001:00010ab0       _initialize_onexit_table   0000000180011ab0 f   libucrt:onexit.obj
 0001:00010b10       __acrt_uninitialize_command_line 0000000180011b10 f   libucrt:argv_data.obj
 0001:00010c08       __acrt_initialize          0000000180011c08 f   libucrt:initialization.obj
 0001:00010c1c       __acrt_thread_attach       0000000180011c1c f   libucrt:initialization.obj
 0001:00010c30       __acrt_thread_detach       0000000180011c30 f   libucrt:initialization.obj
 0001:00010c40       __acrt_uninitialize        0000000180011c40 f   libucrt:initialization.obj
 0001:00010c78       __acrt_uninitialize_critical 0000000180011c78 f   libucrt:initialization.obj
 0001:00010c88       terminate                  0000000180011c88 f   libucrt:terminate.obj
 0001:00010ca8       abort                      0000000180011ca8 f   libucrt:abort.obj
 0001:00010d00       malloc                     0000000180011d00 f   libucrt:malloc.obj
 0001:00010d10       strcpy_s                   0000000180011d10 f   libucrt:strcpy_s.obj
 0001:00010f40       ??$ensure_buffer_is_big_enough@D@formatting_buffer@__crt_stdio_output@@QEAA_N_KAEAV__crt_cached_ptd_host@@@Z 0000000180011f40 f i libucrt:output.obj
 0001:00010fe8       ??$parse_integer@KV?$c_string_character_source@D@__crt_strtox@@$0A@@__crt_strtox@@YAKAEAV__crt_cached_ptd_host@@V?$c_string_character_source@D@0@H_N@Z 0000000180011fe8 f i libucrt:output.obj
 0001:0001129c       ??$type_case_integer@$07@?$output_processor@DV?$string_output_adapter@D@__crt_stdio_output@@V?$format_validation_base@DV?$string_output_adapter@D@__crt_stdio_output@@@2@@__crt_stdio_output@@AEAA_N_N@Z 000000018001229c f i libucrt:output.obj
 0001:0001129c       ??$type_case_integer@$07@?$output_processor@DV?$string_output_adapter@D@__crt_stdio_output@@V?$standard_base@DV?$string_output_adapter@D@__crt_stdio_output@@@2@@__crt_stdio_output@@AEAA_N_N@Z 000000018001229c f i libucrt:output.obj
 0001:000114a0       ??$type_case_integer@$09@?$output_processor@DV?$string_output_adapter@D@__crt_stdio_output@@V?$format_validation_base@DV?$string_output_adapter@D@__crt_stdio_output@@@2@@__crt_stdio_output@@AEAA_N_N@Z 00000001800124a0 f i libucrt:output.obj
 0001:000114a0       ??$type_case_integer@$09@?$output_processor@DV?$string_output_adapter@D@__crt_stdio_output@@V?$standard_base@DV?$string_output_adapter@D@__crt_stdio_output@@@2@@__crt_stdio_output@@AEAA_N_N@Z 00000001800124a0 f i libucrt:output.obj
 0001:000116a4       ??$type_case_integer@$0BA@@?$output_processor@DV?$string_output_adapter@D@__crt_stdio_output@@V?$format_validation_base@DV?$string_output_adapter@D@__crt_stdio_output@@@2@@__crt_stdio_output@@AEAA_N_N@Z 00000001800126a4 f i libucrt:output.obj
 0001:000116a4       ??$type_case_integer@$0BA@@?$output_processor@DV?$string_output_adapter@D@__crt_stdio_output@@V?$standard_base@DV?$string_output_adapter@D@__crt_stdio_output@@@2@@__crt_stdio_output@@AEAA_N_N@Z 00000001800126a4 f i libucrt:output.obj
 0001:000118a8       ??$type_case_integer_parse_into_buffer@I$07@?$output_processor@DV?$string_output_adapter@D@__crt_stdio_output@@V?$format_validation_base@DV?$string_output_adapter@D@__crt_stdio_output@@@2@@__crt_stdio_output@@AEAAXI_N@Z 00000001800128a8 f i libucrt:output.obj
 0001:000118a8       ??$type_case_integer_parse_into_buffer@I$07@?$output_processor@DV?$string_output_adapter@D@__crt_stdio_output@@V?$standard_base@DV?$string_output_adapter@D@__crt_stdio_output@@@2@@__crt_stdio_output@@AEAAXI_N@Z 00000001800128a8 f i libucrt:output.obj
 0001:00011918       ??$type_case_integer_parse_into_buffer@I$09@?$output_processor@DV?$string_output_adapter@D@__crt_stdio_output@@V?$format_validation_base@DV?$string_output_adapter@D@__crt_stdio_output@@@2@@__crt_stdio_output@@AEAAXI_N@Z 0000000180012918 f i libucrt:output.obj
 0001:00011918       ??$type_case_integer_parse_into_buffer@I$09@?$output_processor@DV?$string_output_adapter@D@__crt_stdio_output@@V?$standard_base@DV?$string_output_adapter@D@__crt_stdio_output@@@2@@__crt_stdio_output@@AEAAXI_N@Z 0000000180012918 f i libucrt:output.obj
 0001:000119c4       ??$type_case_integer_parse_into_buffer@I$0BA@@?$output_processor@DV?$string_output_adapter@D@__crt_stdio_output@@V?$format_validation_base@DV?$string_output_adapter@D@__crt_stdio_output@@@2@@__crt_stdio_output@@AEAAXI_N@Z 00000001800129c4 f i libucrt:output.obj
 0001:000119c4       ??$type_case_integer_parse_into_buffer@I$0BA@@?$output_processor@DV?$string_output_adapter@D@__crt_stdio_output@@V?$standard_base@DV?$string_output_adapter@D@__crt_stdio_output@@@2@@__crt_stdio_output@@AEAAXI_N@Z 00000001800129c4 f i libucrt:output.obj
 0001:00011a48       ??$type_case_integer_parse_into_buffer@_K$07@?$output_processor@DV?$string_output_adapter@D@__crt_stdio_output@@V?$format_validation_base@DV?$string_output_adapter@D@__crt_stdio_output@@@2@@__crt_stdio_output@@AEAAX_K_N@Z 0000000180012a48 f i libucrt:output.obj
 0001:00011a48       ??$type_case_integer_parse_into_buffer@_K$07@?$output_processor@DV?$string_output_adapter@D@__crt_stdio_output@@V?$standard_base@DV?$string_output_adapter@D@__crt_stdio_output@@@2@@__crt_stdio_output@@AEAAX_K_N@Z 0000000180012a48 f i libucrt:output.obj
 0001:00011ab8       ??$type_case_integer_parse_into_buffer@_K$09@?$output_processor@DV?$string_output_adapter@D@__crt_stdio_output@@V?$format_validation_base@DV?$string_output_adapter@D@__crt_stdio_output@@@2@@__crt_stdio_output@@AEAAX_K_N@Z 0000000180012ab8 f i libucrt:output.obj
 0001:00011ab8       ??$type_case_integer_parse_into_buffer@_K$09@?$output_processor@DV?$string_output_adapter@D@__crt_stdio_output@@V?$standard_base@DV?$string_output_adapter@D@__crt_stdio_output@@@2@@__crt_stdio_output@@AEAAX_K_N@Z 0000000180012ab8 f i libucrt:output.obj
 0001:00011b68       ??$type_case_integer_parse_into_buffer@_K$0BA@@?$output_processor@DV?$string_output_adapter@D@__crt_stdio_output@@V?$format_validation_base@DV?$string_output_adapter@D@__crt_stdio_output@@@2@@__crt_stdio_output@@AEAAX_K_N@Z 0000000180012b68 f i libucrt:output.obj
 0001:00011b68       ??$type_case_integer_parse_into_buffer@_K$0BA@@?$output_processor@DV?$string_output_adapter@D@__crt_stdio_output@@V?$standard_base@DV?$string_output_adapter@D@__crt_stdio_output@@@2@@__crt_stdio_output@@AEAAX_K_N@Z 0000000180012b68 f i libucrt:output.obj
 0001:00011bec       ?crop_zeroes@__crt_stdio_output@@YAXPEADQEAU__crt_locale_pointers@@@Z 0000000180012bec f i libucrt:output.obj
 0001:00011c60       ?get_raw_ptd@__crt_cached_ptd_host@@QEAAPEAU__acrt_ptd@@XZ 0000000180012c60 f i libucrt:output.obj
 0001:00011cc8       ?parse_int_from_format_string@?$output_processor@DV?$string_output_adapter@D@__crt_stdio_output@@V?$format_validation_base@DV?$string_output_adapter@D@__crt_stdio_output@@@2@@__crt_stdio_output@@AEAA_NQEAH@Z 0000000180012cc8 f i libucrt:output.obj
 0001:00011cc8       ?parse_int_from_format_string@?$output_processor@DV?$string_output_adapter@D@__crt_stdio_output@@V?$standard_base@DV?$string_output_adapter@D@__crt_stdio_output@@@2@@__crt_stdio_output@@AEAA_NQEAH@Z 0000000180012cc8 f i libucrt:output.obj
 0001:00011d58       ?process@?$output_processor@DV?$string_output_adapter@D@__crt_stdio_output@@V?$format_validation_base@DV?$string_output_adapter@D@__crt_stdio_output@@@2@@__crt_stdio_output@@QEAAHXZ 0000000180012d58 f i libucrt:output.obj
 0001:000120c0       ?process@?$output_processor@DV?$string_output_adapter@D@__crt_stdio_output@@V?$standard_base@DV?$string_output_adapter@D@__crt_stdio_output@@@2@@__crt_stdio_output@@QEAAHXZ 00000001800130c0 f i libucrt:output.obj
 0001:00012430       ?state_case_size@?$output_processor@DV?$string_output_adapter@D@__crt_stdio_output@@V?$format_validation_base@DV?$string_output_adapter@D@__crt_stdio_output@@@2@@__crt_stdio_output@@AEAA_NXZ 0000000180013430 f i libucrt:output.obj
 0001:00012430       ?state_case_size@?$output_processor@DV?$string_output_adapter@D@__crt_stdio_output@@V?$standard_base@DV?$string_output_adapter@D@__crt_stdio_output@@@2@@__crt_stdio_output@@AEAA_NXZ 0000000180013430 f i libucrt:output.obj
 0001:000125b8       ?state_case_type@?$output_processor@DV?$string_output_adapter@D@__crt_stdio_output@@V?$format_validation_base@DV?$string_output_adapter@D@__crt_stdio_output@@@2@@__crt_stdio_output@@AEAA_NXZ 00000001800135b8 f i libucrt:output.obj
 0001:000125b8       ?state_case_type@?$output_processor@DV?$string_output_adapter@D@__crt_stdio_output@@V?$standard_base@DV?$string_output_adapter@D@__crt_stdio_output@@@2@@__crt_stdio_output@@AEAA_NXZ 00000001800135b8 f i libucrt:output.obj
 0001:00012a28       ?type_case_Z@?$output_processor@DV?$string_output_adapter@D@__crt_stdio_output@@V?$format_validation_base@DV?$string_output_adapter@D@__crt_stdio_output@@@2@@__crt_stdio_output@@AEAA_NXZ 0000000180013a28 f i libucrt:output.obj
 0001:00012a28       ?type_case_Z@?$output_processor@DV?$string_output_adapter@D@__crt_stdio_output@@V?$standard_base@DV?$string_output_adapter@D@__crt_stdio_output@@@2@@__crt_stdio_output@@AEAA_NXZ 0000000180013a28 f i libucrt:output.obj
 0001:00012aa4       ?type_case_a@?$output_processor@DV?$string_output_adapter@D@__crt_stdio_output@@V?$format_validation_base@DV?$string_output_adapter@D@__crt_stdio_output@@@2@@__crt_stdio_output@@AEAA_NXZ 0000000180013aa4 f i libucrt:output.obj
 0001:00012aa4       ?type_case_a@?$output_processor@DV?$string_output_adapter@D@__crt_stdio_output@@V?$standard_base@DV?$string_output_adapter@D@__crt_stdio_output@@@2@@__crt_stdio_output@@AEAA_NXZ 0000000180013aa4 f i libucrt:output.obj
 0001:00012d00       ?type_case_c_tchar@?$output_processor@DV?$string_output_adapter@D@__crt_stdio_output@@V?$format_validation_base@DV?$string_output_adapter@D@__crt_stdio_output@@@2@@__crt_stdio_output@@AEAA_ND@Z 0000000180013d00 f i libucrt:output.obj
 0001:00012d00       ?type_case_c_tchar@?$output_processor@DV?$string_output_adapter@D@__crt_stdio_output@@V?$standard_base@DV?$string_output_adapter@D@__crt_stdio_output@@@2@@__crt_stdio_output@@AEAA_ND@Z 0000000180013d00 f i libucrt:output.obj
 0001:00012dd4       ?type_case_n@?$output_processor@DV?$string_output_adapter@D@__crt_stdio_output@@V?$format_validation_base@DV?$string_output_adapter@D@__crt_stdio_output@@@2@@__crt_stdio_output@@AEAA_NXZ 0000000180013dd4 f i libucrt:output.obj
 0001:00012dd4       ?type_case_n@?$output_processor@DV?$string_output_adapter@D@__crt_stdio_output@@V?$standard_base@DV?$string_output_adapter@D@__crt_stdio_output@@@2@@__crt_stdio_output@@AEAA_NXZ 0000000180013dd4 f i libucrt:output.obj
 0001:00012e8c       ?type_case_s@?$output_processor@DV?$string_output_adapter@D@__crt_stdio_output@@V?$format_validation_base@DV?$string_output_adapter@D@__crt_stdio_output@@@2@@__crt_stdio_output@@AEAA_NXZ 0000000180013e8c f i libucrt:output.obj
 0001:00012e8c       ?type_case_s@?$output_processor@DV?$string_output_adapter@D@__crt_stdio_output@@V?$standard_base@DV?$string_output_adapter@D@__crt_stdio_output@@@2@@__crt_stdio_output@@AEAA_NXZ 0000000180013e8c f i libucrt:output.obj
 0001:00012f30       ?update_locale_slow@__crt_cached_ptd_host@@AEAAXXZ 0000000180013f30 f i libucrt:output.obj
 0001:00012fa8       ?write_string@?$string_output_adapter@D@__crt_stdio_output@@QEBAXQEBDHQEAHAEAV__crt_cached_ptd_host@@@Z 0000000180013fa8 f i libucrt:output.obj
 0001:0001304c       __stdio_common_vsprintf    000000018001404c f   libucrt:output.obj
 0001:000132a0       __stdio_common_vsprintf_s  00000001800142a0 f   libucrt:output.obj
 0001:000133b4       ??$parse_integer@KV?$c_string_character_source@D@__crt_strtox@@$00@__crt_strtox@@YAKAEAV__crt_cached_ptd_host@@V?$c_string_character_source@D@0@H_N@Z 00000001800143b4 f i libucrt:atox.obj
 0001:00013690       _ischartype_l              0000000180014690 f i libucrt:atox.obj
 0001:00013708       atol                       0000000180014708 f   libucrt:atox.obj
 0001:000137c0       calloc                     00000001800147c0 f   libucrt:calloc.obj
 0001:000137d0       wcsncmp                    00000001800147d0 f   libucrt:wcsncmp.obj
 0001:00013810       _free_base                 0000000180014810 f   libucrt:free_base.obj
 0001:00013b80       ?internal_get_ptd_head_slow@@YAPEAU__acrt_ptd@@XZ 0000000180014b80 f   libucrt:per_thread_data.obj
 0001:00013ca0       __acrt_freeptd             0000000180014ca0 f   libucrt:per_thread_data.obj
 0001:00013cf0       __acrt_getptd              0000000180014cf0 f   libucrt:per_thread_data.obj
 0001:00013d0c       __acrt_getptd_head         0000000180014d0c f   libucrt:per_thread_data.obj
 0001:00013d50       __acrt_getptd_noexit       0000000180014d50 f   libucrt:per_thread_data.obj
 0001:00013de0       __acrt_getptd_noexit_explicit 0000000180014de0 f   libucrt:per_thread_data.obj
 0001:00013e3c       __acrt_initialize_ptd      0000000180014e3c f   libucrt:per_thread_data.obj
 0001:00013e80       __acrt_uninitialize_ptd    0000000180014e80 f   libucrt:per_thread_data.obj
 0001:00013ea4       __acrt_initialize_locks    0000000180014ea4 f   libucrt:locks.obj
 0001:00013eec       __acrt_lock                0000000180014eec f   libucrt:locks.obj
 0001:00013f08       __acrt_uninitialize_locks  0000000180014f08 f   libucrt:locks.obj
 0001:00013f40       __acrt_unlock              0000000180014f40 f   libucrt:locks.obj
 0001:00013f5c       __acrt_app_verifier_enabled 0000000180014f5c f   libucrt:peb_access.obj
 0001:00013f78       __acrt_is_secure_process   0000000180014f78 f   libucrt:peb_access.obj
 0001:00013f90       __acrt_get_process_end_policy 0000000180014f90 f   libucrt:win_policies.obj
 0001:00013fc0       ?get_raw_ptd_noexit@__crt_cached_ptd_host@@QEAAPEAU__acrt_ptd@@XZ 0000000180014fc0 f i libucrt:invalid_parameter.obj
 0001:0001402c       ?value@?$dual_state_global@P6AXPEB_W00I_K@Z@__crt_state_management@@QEAAAEAP6AXPEB_W00I_K@ZAEAV__crt_cached_ptd_host@@@Z 000000018001502c f i libucrt:invalid_parameter.obj
 0001:00014078       __acrt_call_reportfault    0000000180015078 f   libucrt:invalid_parameter.obj
 0001:000141e8       __acrt_initialize_invalid_parameter_handler 00000001800151e8 f   libucrt:invalid_parameter.obj
 0001:000141f0       _invalid_parameter         00000001800151f0 f   libucrt:invalid_parameter.obj
 0001:0001428c       _invalid_parameter_internal 000000018001528c f   libucrt:invalid_parameter.obj
 0001:00014344       _invalid_parameter_noinfo  0000000180015344 f   libucrt:invalid_parameter.obj
 0001:00014364       _invoke_watson             0000000180015364 f   libucrt:invalid_parameter.obj
 0001:000143ac       __acrt_errno_from_os_error 00000001800153ac f   libucrt:errno.obj
 0001:0001447c       __acrt_errno_map_os_error  000000018001547c f   libucrt:errno.obj
 0001:000144a4       __acrt_errno_map_os_error_ptd 00000001800154a4 f   libucrt:errno.obj
 0001:000144c8       __doserrno                 00000001800154c8 f   libucrt:errno.obj
 0001:000144ec       _errno                     00000001800154ec f   libucrt:errno.obj
 0001:00014510       _calloc_base               0000000180015510 f   libucrt:calloc_base.obj
 0001:0001459c       ??$__acrt_convert_wcs_mbs_cp@D_WV<lambda_7c9dea7b4ca7285d2cdb541a38da6275>@@U__crt_win32_buffer_internal_dynamic_resizing@@@@YAHQEBDAEAV?$__crt_win32_buffer@_WU__crt_win32_buffer_internal_dynamic_resizing@@@@AEBV<lambda_7c9dea7b4ca7285d2cdb541a38da6275>@@I@Z 000000018001559c f i libucrt:argv_wildcards.obj
 0001:0001473c       ??$__acrt_convert_wcs_mbs_cp@_WDV<lambda_d8593a27d1aa8c02be35c86a17d324c4>@@U__crt_win32_buffer_internal_dynamic_resizing@@@@YAHQEB_WAEAV?$__crt_win32_buffer@DU__crt_win32_buffer_internal_dynamic_resizing@@@@AEBV<lambda_d8593a27d1aa8c02be35c86a17d324c4>@@I@Z 000000018001573c f i libucrt:argv_wildcards.obj
 0001:00015008       ??0_LocaleUpdate@@QEAA@QEAU__crt_locale_pointers@@@Z 0000000180016008 f i libucrt:argv_wildcards.obj
 0001:000150a4       __acrt_expand_narrow_argv_wildcards 00000001800160a4 f   libucrt:argv_wildcards.obj
 0001:000150ac       ??$__acrt_convert_wcs_mbs_cp@_WDV<lambda_f788ae46380686e8b737efdd8c720d07>@@U__crt_win32_buffer_no_resizing@@@@YAHQEB_WAEAV?$__crt_win32_buffer@DU__crt_win32_buffer_no_resizing@@@@AEBV<lambda_f788ae46380686e8b737efdd8c720d07>@@I@Z 00000001800160ac f i libucrt:getmodulefilenamea.obj
 0001:000151c8       __acrt_GetModuleFileNameA  00000001800161c8 f   libucrt:getmodulefilenamea.obj
 0001:00015af4       __acrt_initialize_multibyte 0000000180016af4 f   libucrt:mbctype.obj
 0001:00015b54       __acrt_update_thread_multibyte_data 0000000180016b54 f   libucrt:mbctype.obj
 0001:00015b70       _setmbcp_nolock            0000000180016b70 f   libucrt:mbctype.obj
 0001:00015eac       _ismbblead                 0000000180016eac f   libucrt:ismbbyte.obj
 0001:00015ec0       __acrt_initialize_command_line 0000000180016ec0 f   libucrt:argv_data.obj
 0001:00015ee8       __acrt_MultiByteToWideChar 0000000180016ee8 f   libucrt:multibytetowidechar.obj
 0001:00015f78       __acrt_WideCharToMultiByte 0000000180016f78 f   libucrt:widechartomultibyte.obj
 0001:00016058       __dcrt_get_narrow_environment_from_os 0000000180017058 f   libucrt:get_environment_from_os.obj
 0001:00016170       _recalloc_base             0000000180017170 f   libucrt:recalloc.obj
 0001:00016210       _recalloc                  0000000180017210 f   libucrt:recalloc.obj
 0001:000163cc       __acrt_AppPolicyGetProcessTerminationMethodInternal 00000001800173cc f   libucrt:winapi_thunks.obj
 0001:00016428       __acrt_AreFileApisANSI     0000000180017428 f   libucrt:winapi_thunks.obj
 0001:00016474       __acrt_FlsAlloc            0000000180017474 f   libucrt:winapi_thunks.obj
 0001:0001647c       __acrt_FlsFree             000000018001747c f   libucrt:winapi_thunks.obj
 0001:00016484       __acrt_FlsGetValue         0000000180017484 f   libucrt:winapi_thunks.obj
 0001:0001648c       __acrt_FlsGetValue2        000000018001748c f   libucrt:winapi_thunks.obj
 0001:00016498       __acrt_FlsSetValue         0000000180017498 f   libucrt:winapi_thunks.obj
 0001:000164a0       __acrt_InitializeCriticalSectionEx 00000001800174a0 f   libucrt:winapi_thunks.obj
 0001:000164a8       __acrt_LCMapStringEx       00000001800174a8 f   libucrt:winapi_thunks.obj
 0001:0001659c       __acrt_LocaleNameToLCID    000000018001759c f   libucrt:winapi_thunks.obj
 0001:00016600       __acrt_initialize_winapi_thunks 0000000180017600 f   libucrt:winapi_thunks.obj
 0001:00016630       __acrt_tls2_supported      0000000180017630 f   libucrt:winapi_thunks.obj
 0001:00016674       __acrt_uninitialize_winapi_thunks 0000000180017674 f   libucrt:winapi_thunks.obj
 0001:000166c0       _get_heap_handle           00000001800176c0 f   libucrt:heap_handle.obj
 0001:000166d0       __acrt_initialize_heap     00000001800176d0 f   libucrt:heap_handle.obj
 0001:00016700       __acrt_uninitialize_heap   0000000180017700 f   libucrt:heap_handle.obj
 0001:00016720       __acrt_getheap             0000000180017720 f   libucrt:heap_handle.obj
 0001:00016930       __acrt_initialize_lowio    0000000180017930 f   libucrt:ioinit.obj
 0001:0001696c       __acrt_uninitialize_lowio  000000018001796c f   libucrt:ioinit.obj
 0001:000169ac       __acrt_execute_initializers 00000001800179ac f   libucrt:shared_initialization.obj
 0001:00016a2c       __acrt_execute_uninitializers 0000000180017a2c f   libucrt:shared_initialization.obj
 0001:00016a70       _callnewh                  0000000180017a70 f   libucrt:new_handler.obj
 0001:00016ab0       __acrt_initialize_new_handler 0000000180017ab0 f   libucrt:new_handler.obj
 0001:00016ac0       _query_new_handler         0000000180017ac0 f   libucrt:new_handler.obj
 0001:00016b00       _set_new_handler           0000000180017b00 f   libucrt:new_handler.obj
 0001:00016b60       ?_set_new_handler@@YAP6AH_K@ZH@Z 0000000180017b60 f   libucrt:new_handler.obj
 0001:00016bb4       __acrt_get_sigabrt_handler 0000000180017bb4 f   libucrt:signal.obj
 0001:00016be4       __acrt_initialize_signal_handlers 0000000180017be4 f   libucrt:signal.obj
 0001:00016c04       raise                      0000000180017c04 f   libucrt:signal.obj
 0001:00016e60       __acrt_has_user_matherr    0000000180017e60 f   libucrt:matherr.obj
 0001:00016e80       __acrt_initialize_user_matherr 0000000180017e80 f   libucrt:matherr.obj
 0001:00016e90       __acrt_invoke_user_matherr 0000000180017e90 f   libucrt:matherr.obj
 0001:000170a0       __acrt_stdio_flush_nolock  00000001800180a0 f   libucrt:fflush.obj
 0001:0001712c       _fflush_nolock             000000018001812c f   libucrt:fflush.obj
 0001:00017200       _flushall                  0000000180018200 f   libucrt:fflush.obj
 0001:00017208       __acrt_initialize_stdio    0000000180018208 f   libucrt:_file.obj
 0001:00017328       __acrt_uninitialize_stdio  0000000180018328 f   libucrt:_file.obj
 0001:00017384       _lock_file                 0000000180018384 f   libucrt:_file.obj
 0001:00017390       _unlock_file               0000000180018390 f   libucrt:_file.obj
 0001:000173a0       _malloc_base               00000001800183a0 f   libucrt:malloc_base.obj
 0001:00017400       strnlen                    0000000180018400 f   libucrt:strnlen.obj
 0001:00017590       wcsnlen                    0000000180018590 f   libucrt:strnlen.obj
 0001:00017798       __acrt_update_locale_info  0000000180018798 f   libucrt:locale_update.obj
 0001:000177cc       __acrt_update_locale_info_explicit 00000001800187cc f   libucrt:locale_update.obj
 0001:00017804       __acrt_update_multibyte_info 0000000180018804 f   libucrt:locale_update.obj
 0001:00017838       __acrt_update_multibyte_info_explicit 0000000180018838 f   libucrt:locale_update.obj
 0001:00018380       __acrt_fp_format           0000000180019380 f   libucrt:cvt.obj
 0001:00018668       _wctomb_internal           0000000180019668 f   libucrt:wctomb.obj
 0001:00018818       _mbtowc_internal           0000000180019818 f   libucrt:mbtowc.obj
 0001:00018990       ?__mblen_utf8@__crt_mbstring@@YAHPEBD@Z 0000000180019990 f   libucrt:mbrtoc32.obj
 0001:000189c8       ?__mbrtoc32_utf8@__crt_mbstring@@YA_KPEA_UPEBD_KPEAU_Mbstatet@@AEAV__crt_cached_ptd_host@@@Z 00000001800199c8 f   libucrt:mbrtoc32.obj
 0001:00018b88       ?__c16rtomb_utf8@__crt_mbstring@@YA_KPEAD_SPEAU_Mbstatet@@AEAV__crt_cached_ptd_host@@@Z 0000000180019b88 f   libucrt:c16rtomb.obj
 0001:00018c2c       ?__mbrtowc_utf8@__crt_mbstring@@YA_KPEA_WPEBD_KPEAU_Mbstatet@@AEAV__crt_cached_ptd_host@@@Z 0000000180019c2c f   libucrt:mbrtowc.obj
 0001:00018c74       ?__mbsrtowcs_utf8@__crt_mbstring@@YA_KPEA_WPEAPEBD_KPEAU_Mbstatet@@AEAV__crt_cached_ptd_host@@@Z 0000000180019c74 f   libucrt:mbrtowc.obj
 0001:00018e2c       _fileno                    0000000180019e2c f   libucrt:fileno.obj
 0001:00018e54       _get_printf_count_output   0000000180019e54 f   libucrt:printf_count_output.obj
 0001:00018edc       __acrt_set_locale_changed  0000000180019edc f   libucrt:wsetlocale.obj
 0001:00018ee8       __acrt_uninitialize_locale 0000000180019ee8 f   libucrt:wsetlocale.obj
 0001:00018f18       __pctype_func              0000000180019f18 f   libucrt:ctype.obj
 0001:00018f48       _isctype_l                 0000000180019f48 f   libucrt:isctype.obj
 0001:00019050       __acrt_add_locale_ref      000000018001a050 f   libucrt:locale_refcounting.obj
 0001:000190dc       __acrt_free_locale         000000018001a0dc f   libucrt:locale_refcounting.obj
 0001:00019254       __acrt_locale_add_lc_time_reference 000000018001a254 f   libucrt:locale_refcounting.obj
 0001:0001927c       __acrt_locale_free_lc_time_if_unreferenced 000000018001a27c f   libucrt:locale_refcounting.obj
 0001:000192b4       __acrt_locale_release_lc_time_reference 000000018001a2b4 f   libucrt:locale_refcounting.obj
 0001:000192dc       __acrt_release_locale_ref  000000018001a2dc f   libucrt:locale_refcounting.obj
 0001:00019384       __acrt_update_thread_locale_data 000000018001a384 f   libucrt:locale_refcounting.obj
 0001:000193f4       _updatetlocinfoEx_nolock   000000018001a3f4 f   libucrt:locale_refcounting.obj
 0001:00019460       _query_new_mode            000000018001a460 f   libucrt:new_mode.obj
 0001:00019470       _set_new_mode              000000018001a470 f   libucrt:new_mode.obj
 0001:000194a0       qsort                      000000018001a4a0 f   libucrt:qsort.obj
 0001:00019840       strncpy_s                  000000018001a840 f   libucrt:strncpy_s.obj
 0001:00019a10       strpbrk                    000000018001aa10 f   libucrt:strpbrk.obj
 0001:00019dc8       _mbsdec                    000000018001adc8 f   libucrt:mbsdec.obj
 0001:00019dd0       _mbsdec_l                  000000018001add0 f   libucrt:mbsdec.obj
 0001:00019e64       __acrt_GetStringTypeA      000000018001ae64 f   libucrt:getstringtypea.obj
 0001:0001a328       __acrt_LCMapStringA        000000018001b328 f   libucrt:lcmapstringa.obj
 0001:0001a3e0       _msize_base                000000018001b3e0 f   libucrt:msize.obj
 0001:0001a420       _msize                     000000018001b420 f   libucrt:msize.obj
 0001:0001a430       _realloc_base              000000018001b430 f   libucrt:realloc_base.obj
 0001:0001a4ac       __acrt_DownlevelLocaleNameToLCID 000000018001b4ac f   libucrt:lcidtoname_downlevel.obj
 0001:0001a554       __acrt_lowio_create_handle_array 000000018001b554 f   libucrt:osfinfo.obj
 0001:0001a5fc       __acrt_lowio_destroy_handle_array 000000018001b5fc f   libucrt:osfinfo.obj
 0001:0001a64c       __acrt_lowio_ensure_fh_exists 000000018001b64c f   libucrt:osfinfo.obj
 0001:0001a6f4       __acrt_lowio_lock_fh       000000018001b6f4 f   libucrt:osfinfo.obj
 0001:0001a71c       __acrt_lowio_unlock_fh     000000018001b71c f   libucrt:osfinfo.obj
 0001:0001a744       _free_osfhnd               000000018001b744 f   libucrt:osfinfo.obj
 0001:0001a800       _get_osfhandle             000000018001b800 f   libucrt:osfinfo.obj
 0001:0001a904       _commit                    000000018001b904 f   libucrt:commit.obj
 0001:0001b1c4       _write_internal            000000018001c1c4 f   libucrt:write.obj
 0001:0001b2e4       _write_nolock              000000018001c2e4 f   libucrt:write.obj
 0001:0001b614       _fcloseall                 000000018001c614 f   libucrt:closeall.obj
 0001:0001b6c8       __acrt_stdio_free_buffer_nolock 000000018001c6c8 f   libucrt:_freebuf.obj
 0001:0001b70c       _isatty                    000000018001c70c f   libucrt:isatty.obj
 0001:0001b83c       __acrt_fp_strflt_to_string 000000018001c83c f   libucrt:_fptostr.obj
 0001:0001b950       ?divide@__crt_strtox@@YA_KAEAUbig_integer@1@AEBU21@@Z 000000018001c950 f i libucrt:cfout.obj
 0001:0001bddc       __acrt_fltout              000000018001cddc f   libucrt:cfout.obj
 0001:0001d0f0       fegetround                 000000018001e0f0 f   libucrt:fegetround.obj
 0001:0001d104       ?__c32rtomb_utf8@__crt_mbstring@@YA_KPEAD_UPEAU_Mbstatet@@AEAV__crt_cached_ptd_host@@@Z 000000018001e104 f   libucrt:c32rtomb.obj
 0001:0001d1a8       ?reset_and_return@__crt_mbstring@@YA_K_KPEAU_Mbstatet@@@Z 000000018001e1a8 f   libucrt:common_utf8.obj
 0001:0001d1b0       ?return_illegal_sequence@__crt_mbstring@@YA_KPEAU_Mbstatet@@AEAV__crt_cached_ptd_host@@@Z 000000018001e1b0 f   libucrt:common_utf8.obj
 0001:0001d1c4       __acrt_locale_free_monetary 000000018001e1c4 f   libucrt:initmon.obj
 0001:0001d2d0       __acrt_locale_free_numeric 000000018001e2d0 f   libucrt:initnum.obj
 0001:0001d370       __acrt_locale_free_time    000000018001e370 f   libucrt:inittime.obj
 0001:0001d478       _guard_check_icall         000000018001e478 f i libucrt:checkcfg.obj
 0001:0001d490       __strncnt                  000000018001e490 f   libucrt:strncnt.obj
 0001:0001d4b0       __ascii_wcsnicmp           000000018001e4b0 f   libucrt:wcsnicmp.obj
 0001:0001d518       _query_app_type            000000018001e518 f   libucrt:report_runtime_error.obj
 0001:0001d5d0       _lseeki64_nolock_internal  000000018001e5d0 f   libucrt:lseek.obj
 0001:0001d5d8       _putwch_nolock             000000018001e5d8 f   libucrt:putwch.obj
 0001:0001d73c       fclose                     000000018001e73c f   libucrt:fclose.obj
 0001:0001d7e0       _controlfp_s               000000018001e7e0 f   libucrt:contrlfp.obj
 0001:0001d850       fegetenv                   000000018001e850 f   libucrt:fegetenv.obj
 0001:0001d870       fesetenv                   000000018001e870 f   libucrt:fesetenv.obj
 0001:0001d8e0       feholdexcept               000000018001e8e0 f   libucrt:feholdexcept.obj
 0001:0001d940       ceil                       000000018001e940 f   libucrt:ceil.obj
 0001:0001da10       log10                      000000018001ea10 f   libucrt:log10.obj
 0001:0001dfc0       __acrt_fenv_get_common_round_control 000000018001efc0 f   libucrt:_fenvutils.obj
 0001:0001dfd0       __acrt_fenv_get_control    000000018001efd0 f   libucrt:_fenvutils.obj
 0001:0001e0b0       __acrt_fenv_get_status     000000018001f0b0 f   libucrt:_fenvutils.obj
 0001:0001e110       __acrt_fenv_set_control    000000018001f110 f   libucrt:_fenvutils.obj
 0001:0001e240       __acrt_fenv_set_status     000000018001f240 f   libucrt:_fenvutils.obj
 0001:0001e2b4       __dcrt_lowio_ensure_console_output_initialized 000000018001f2b4 f   libucrt:initcon.obj
 0001:0001e308       __dcrt_terminate_console_output 000000018001f308 f   libucrt:initcon.obj
 0001:0001e324       __dcrt_write_console       000000018001f324 f   libucrt:initcon.obj
 0001:0001e45c       _close_internal            000000018001f45c f   libucrt:close.obj
 0001:0001e520       _close_nolock_internal     000000018001f520 f   libucrt:close.obj
 0001:0001e5f0       ?__acrt_stdio_free_stream@@YAXV__crt_stdio_stream@@@Z 000000018001f5f0 f   libucrt:stream.obj
 0001:0001e610       _clearfp                   000000018001f610 f   libucrt:ieee.obj
 0001:0001e680       _control87                 000000018001f680 f   libucrt:ieee.obj
 0001:0001ea40       _handle_error              000000018001fa40 f   libucrt:libm_error.obj
 0001:0001eb80       _handle_nan                000000018001fb80 f   libucrt:libm_error.obj
 0001:0001eba0       ceil_sse41                 000000018001fba0 f   libucrt:floorceil_sse41.obj
 0001:0001ebb0       __acrt_initialize_fma3     000000018001fbb0 f   libucrt:fma3_available.obj
 0001:0001ec70       _log10_special             000000018001fc70 f   libucrt:log_special.obj
 0001:0001ed30       _clrfp                     000000018001fd30 f   libucrt:fpctrl.obj
 0001:0001ed50       _ctrlfp                    000000018001fd50 f   libucrt:fpctrl.obj
 0001:0001edd0       _get_fpcsr                 000000018001fdd0 f   libucrt:fpctrl.obj
 0001:0001edd0       _get_fpsr                  000000018001fdd0 f   libucrt:fpctrl.obj
 0001:0001ede0       _set_fpcsr                 000000018001fde0 f   libucrt:fpctrl.obj
 0001:0001ede0       _set_fpsr                  000000018001fde0 f   libucrt:fpctrl.obj
 0001:0001edf0       _set_statfp                000000018001fdf0 f   libucrt:fpctrl.obj
 0001:0001ee10       _statfp                    000000018001fe10 f   libucrt:fpctrl.obj
 0001:0001ee20       _raise_exc                 000000018001fe20 f   libucrt:fpexcept.obj
 0001:0001ee50       _raise_exc_ex              000000018001fe50 f   libucrt:fpexcept.obj
 0001:0001f160       _set_errno_from_matherr    0000000180020160 f   libucrt:fpexcept.obj
 0001:0001f1a0       _FindPESection             00000001800201a0 f   LIBCMT:pesect.obj
 0001:0001f1f0       _IsNonwritableInCurrentImage 00000001800201f0 f   LIBCMT:pesect.obj
 0001:0001f240       _ValidateImageBase         0000000180020240 f   LIBCMT:pesect.obj
 0001:0001f26c       __GSHandlerCheck           000000018002026c f   LIBCMT:gshandler.obj
 0001:0001f28c       __GSHandlerCheckCommon     000000018002028c f   LIBCMT:gshandler.obj
[...]
 0002:0000af74       $unwind$_malloc_base       000000018002cf74     libucrt:malloc_base.obj
 0002:0000af7c       $unwind$__acrt_fp_format   000000018002cf7c     libucrt:cvt.obj
 0002:0000af8c       $unwind$?fp_format_e_internal@@YAHQEAD_KH_NIQEAU_strflt@@2AEAV__crt_cached_ptd_host@@@Z 000000018002cf8c     libucrt:cvt.obj
 0002:0000afa8       $unwind$?fp_format_a@@YAHQEBNPEAD_KQEAD2H_NIW4__acrt_rounding_mode@@AEAV__crt_cached_ptd_host@@@Z 000000018002cfa8     libucrt:cvt.obj
 0002:0000afc4       $unwind$?fp_format_g@@YAHQEBNQEAD_K12H_NIW4__acrt_rounding_mode@@AEAV__crt_cached_ptd_host@@@Z 000000018002cfc4     libucrt:cvt.obj
 0002:0000afdc       $unwind$_wctomb_internal   000000018002cfdc     libucrt:wctomb.obj
 0002:0000aff0       $unwind$?__mbrtoc32_utf8@__crt_mbstring@@YA_KPEA_UPEBD_KPEAU_Mbstatet@@AEAV__crt_cached_ptd_host@@@Z 000000018002cff0     libucrt:mbrtoc32.obj
 0002:0000b00c       $unwind$?__mbsrtowcs_utf8@__crt_mbstring@@YA_KPEA_WPEAPEBD_KPEAU_Mbstatet@@AEAV__crt_cached_ptd_host@@@Z 000000018002d00c     libucrt:mbrtowc.obj
 0002:0000b028       $unwind$??$?RV<lambda_410d79af7f07d98d83a3f525b3859a53>@@AEAV<lambda_3e16ef9562a7dcce91392c22ab16ea36>@@V<lambda_38119f0e861e05405d8a144b9b982f0a>@@@?$__crt_seh_guarded_call@X@@QEAAX$$QEAV<lambda_410d79af7f07d98d83a3f525b3859a53>@@AEAV<lambda_3e16ef9562a7dcce91392c22ab16ea36>@@$$QEAV<lambda_38119f0e861e05405d8a144b9b982f0a>@@@Z 000000018002d028     libucrt:wsetlocale.obj
 0002:0000b050       $unwind$_isctype_l         000000018002d050     libucrt:isctype.obj
 0002:0000b06c       $unwind$__acrt_update_thread_locale_data 000000018002d06c     libucrt:locale_refcounting.obj
 0002:0000b090       $unwind$_set_new_mode      000000018002d090     libucrt:new_mode.obj
 0002:0000b098       $unwind$qsort              000000018002d098     libucrt:qsort.obj
 0002:0000b0b0       $chain$3$qsort             000000018002d0b0     libucrt:qsort.obj
 0002:0000b0d0       $chain$4$qsort             000000018002d0d0     libucrt:qsort.obj
 0002:0000b0e0       $unwind$strpbrk            000000018002d0e0     libucrt:strpbrk.obj
 0002:0000b0f0       $unwind$fallbackMethod     000000018002d0f0     libucrt:strpbrk.obj
 0002:0000b100       $unwind$__acrt_GetStringTypeA 000000018002d100     libucrt:getstringtypea.obj
 0002:0000b128       $unwind$__acrt_LCMapStringA 000000018002d128     libucrt:lcmapstringa.obj
 0002:0000b138       $unwind$?__acrt_LCMapStringA_stat@@YAHPEAU__crt_locale_pointers@@PEB_WKPEBDHPEADHHH@Z 000000018002d138     libucrt:lcmapstringa.obj
 0002:0000b160       $unwind$_msize_base        000000018002d160     libucrt:msize.obj
 0002:0000b168       $unwind$_realloc_base      000000018002d168     libucrt:realloc_base.obj
 0002:0000b174       $unwind$__acrt_lowio_destroy_handle_array 000000018002d174     libucrt:osfinfo.obj
 0002:0000b184       $unwind$__acrt_lowio_ensure_fh_exists 000000018002d184     libucrt:osfinfo.obj
 0002:0000b1b0       $unwind$_commit            000000018002d1b0     libucrt:commit.obj
 0002:0000b1b8       $unwind$??$?RV<lambda_a37b2b86f63e897a80ea819b0eb08c01>@@AEAV<lambda_38ce7e780aa69e748d6df282ebc68efe>@@V<lambda_99fb1378e971ab6e7edea83e3a7a83a2>@@@?$__crt_seh_guarded_call@H@@QEAAH$$QEAV<lambda_a37b2b86f63e897a80ea819b0eb08c01>@@AEAV<lambda_38ce7e780aa69e748d6df282ebc68efe>@@$$QEAV<lambda_99fb1378e971ab6e7edea83e3a7a83a2>@@@Z 000000018002d1b8     libucrt:commit.obj
 0002:0000b1dc       $unwind$_write_nolock      000000018002d1dc     libucrt:write.obj
 0002:0000b1f4       $unwind$_write_internal    000000018002d1f4     libucrt:write.obj
 0002:0000b220       $unwind$?write_double_translated_ansi_nolock@@YA?AUwrite_result@?A0x17268360@@HQEBDIAEAV__crt_cached_ptd_host@@@Z 000000018002d220     libucrt:write.obj
 0002:0000b248       $ip2state$?write_double_translated_ansi_nolock@@YA?AUwrite_result@?A0x17268360@@HQEBDIAEAV__crt_cached_ptd_host@@@Z 000000018002d248     libucrt:write.obj
 0002:0000b250       $unwind$?write_text_ansi_nolock@@YA?AUwrite_result@?A0x17268360@@HQEBDI@Z 000000018002d250     libucrt:write.obj
 0002:0000b250       $unwind$?write_text_utf16le_nolock@@YA?AUwrite_result@?A0x17268360@@HQEBDI@Z 000000018002d250     libucrt:write.obj
 0002:0000b270       $unwind$?write_text_utf8_nolock@@YA?AUwrite_result@?A0x17268360@@HQEBDI@Z 000000018002d270     libucrt:write.obj
 0002:0000b294       $unwind$_fcloseall         000000018002d294     libucrt:closeall.obj
 0002:0000b2b8       $unwind$__acrt_fltout      000000018002d2b8     libucrt:cfout.obj
 0002:0000b2dc       $unwind$?divide@__crt_strtox@@YA_KAEAUbig_integer@1@AEBU21@@Z 000000018002d2dc     libucrt:cfout.obj
 0002:0000b2f4       $chain$0$?divide@__crt_strtox@@YA_KAEAUbig_integer@1@AEBU21@@Z 000000018002d2f4     libucrt:cfout.obj
 0002:0000b308       $chain$1$?divide@__crt_strtox@@YA_KAEAUbig_integer@1@AEBU21@@Z 000000018002d308     libucrt:cfout.obj
 0002:0000b318       $unwind$__acrt_locale_free_monetary 000000018002d318     libucrt:initmon.obj
 0002:0000b320       $unwind$__acrt_locale_free_time 000000018002d320     libucrt:inittime.obj
 0002:0000b330       $unwind$_guard_check_icall 000000018002d330     libucrt:checkcfg.obj
 0002:0000b33c       $unwind$_putwch_nolock     000000018002d33c     libucrt:putwch.obj
 0002:0000b344       $unwind$?_fclose_nolock_internal@@YAHQEAU_iobuf@@AEAV__crt_cached_ptd_host@@@Z 000000018002d344     libucrt:fclose.obj
 0002:0000b354       $unwind$?_fclose_internal@@YAHQEAU_iobuf@@AEAV__crt_cached_ptd_host@@@Z 000000018002d354     libucrt:fclose.obj
 0002:0000b378       $unwind$fesetenv           000000018002d378     libucrt:fesetenv.obj
 0002:0000b388       $xdatasym$log10            000000018002d388     libucrt:log10.obj
 0002:0000b394       $unwind$__acrt_fenv_set_control 000000018002d394     libucrt:_fenvutils.obj
 0002:0000b3a0       $chain$0$__acrt_fenv_set_control 000000018002d3a0     libucrt:_fenvutils.obj
 0002:0000b3b4       $chain$1$__acrt_fenv_set_control 000000018002d3b4     libucrt:_fenvutils.obj
 0002:0000b3c4       $unwind$_close_internal    000000018002d3c4     libucrt:close.obj
 0002:0000b3cc       $unwind$??$?RV<lambda_ad8af0d99a0adf03d037d7dffe354bb5>@@AEAV<lambda_c9ba49e555ba839a7b07aa3fbecb7617>@@V<lambda_2f1ebd5d68526518146ae959c9e734c8>@@@?$__crt_seh_guarded_call@H@@QEAAH$$QEAV<lambda_ad8af0d99a0adf03d037d7dffe354bb5>@@AEAV<lambda_c9ba49e555ba839a7b07aa3fbecb7617>@@$$QEAV<lambda_2f1ebd5d68526518146ae959c9e734c8>@@@Z 000000018002d3cc     libucrt:close.obj
 0002:0000b3f0       $unwind$common_control87   000000018002d3f0     libucrt:ieee.obj
 0002:0000b414       $unwind$_exception_enabled 000000018002d414     libucrt:libm_error.obj
 0002:0000b428       $chain$0$_exception_enabled 000000018002d428     libucrt:libm_error.obj
 0002:0000b43c       $chain$1$_exception_enabled 000000018002d43c     libucrt:libm_error.obj
 0002:0000b44c       $unwind$_handle_error      000000018002d44c     libucrt:libm_error.obj
 0002:0000b468       $unwind$__acrt_initialize_fma3 000000018002d468     libucrt:fma3_available.obj
 0002:0000b470       $unwind$_log_special_common 000000018002d470     libucrt:log_special.obj
 0002:0000b47c       $unwind$_ctrlfp            000000018002d47c     libucrt:fpctrl.obj
 0002:0000b49c       $unwind$_raise_exc_ex      000000018002d49c     libucrt:fpexcept.obj
 0002:0000b4b0       $unwind$_IsNonwritableInCurrentImage 000000018002d4b0     LIBCMT:pesect.obj
 0002:0000b4d4       $unwind$__GSHandlerCheckCommon 000000018002d4d4     LIBCMT:gshandler.obj
 0002:0000b4e0       $xdatasym                  000000018002d4e0     LIBCMT:amdsecgs.obj
 0002:0000b4e4       $unwind$__report_gsfailure 000000018002d4e4     LIBCMT:gs_report.obj
 0002:0000b4ec       $unwind$capture_previous_context 000000018002d4ec     LIBCMT:gs_report.obj
 0002:0000b4f8       $xdatasym                  000000018002d4f8     LIBCMT:chkstk.obj
 0002:0000bb20       .edata                     000000018002db20     PhysXCooking_64.exp
 0002:0000bb48       rgpv                       000000018002db48     PhysXCooking_64.exp
 0002:0000bc2c       rgszName                   000000018002dc2c     PhysXCooking_64.exp
 0002:0000bd10       rgwOrd                     000000018002dd10     PhysXCooking_64.exp
 0002:0000bd82       szName                     000000018002dd82     PhysXCooking_64.exp
 0002:0000bd96       $N00001                    000000018002dd96     PhysXCooking_64.exp
 0002:0000bdba       $N00002                    000000018002ddba     PhysXCooking_64.exp
 0002:0000bde9       $N00003                    000000018002dde9     PhysXCooking_64.exp
 0002:0000be10       $N00004                    000000018002de10     PhysXCooking_64.exp
 0002:0000be67       $N00005                    000000018002de67     PhysXCooking_64.exp
 0002:0000be92       $N00006                    000000018002de92     PhysXCooking_64.exp
 0002:0000beb8       $N00007                    000000018002deb8     PhysXCooking_64.exp
 0002:0000bed7       $N00008                    000000018002ded7     PhysXCooking_64.exp
 0002:0000befb       $N00009                    000000018002defb     PhysXCooking_64.exp
 0002:0000bf22       $N00010                    000000018002df22     PhysXCooking_64.exp
 0002:0000bf4b       $N00011                    000000018002df4b     PhysXCooking_64.exp
 0002:0000bf6a       $N00012                    000000018002df6a     PhysXCooking_64.exp
 0002:0000bf9d       $N00013                    000000018002df9d     PhysXCooking_64.exp
 0002:0000bfd3       $N00014                    000000018002dfd3     PhysXCooking_64.exp
 0002:0000c00b       $N00015                    000000018002e00b     PhysXCooking_64.exp
 0002:0000c03d       $N00016                    000000018002e03d     PhysXCooking_64.exp
 0002:0000c069       $N00017                    000000018002e069     PhysXCooking_64.exp
 0002:0000c085       $N00018                    000000018002e085     PhysXCooking_64.exp
 0002:0000c0af       $N00019                    000000018002e0af     PhysXCooking_64.exp
 0002:0000c0eb       $N00020                    000000018002e0eb     PhysXCooking_64.exp
 0002:0000c126       $N00021                    000000018002e126     PhysXCooking_64.exp
 0002:0000c161       $N00022                    000000018002e161     PhysXCooking_64.exp
 0002:0000c196       $N00023                    000000018002e196     PhysXCooking_64.exp
 0002:0000c1d2       $N00024                    000000018002e1d2     PhysXCooking_64.exp
 0002:0000c205       $N00025                    000000018002e205     PhysXCooking_64.exp
 0002:0000c238       $N00026                    000000018002e238     PhysXCooking_64.exp
 0002:0000c272       $N00027                    000000018002e272     PhysXCooking_64.exp
 0002:0000c2ac       $N00028                    000000018002e2ac     PhysXCooking_64.exp
 0002:0000c2d9       $N00029                    000000018002e2d9     PhysXCooking_64.exp
 0002:0000c30c       $N00030                    000000018002e30c     PhysXCooking_64.exp
 0002:0000c33a       $N00031                    000000018002e33a     PhysXCooking_64.exp
 0002:0000c367       $N00032                    000000018002e367     PhysXCooking_64.exp
 0002:0000c3a3       $N00033                    000000018002e3a3     PhysXCooking_64.exp
 0002:0000c3e0       $N00034                    000000018002e3e0     PhysXCooking_64.exp
 0002:0000c410       $N00035                    000000018002e410     PhysXCooking_64.exp
 0002:0000c42f       $N00036                    000000018002e42f     PhysXCooking_64.exp
 0002:0000c446       $N00037                    000000018002e446     PhysXCooking_64.exp
 0002:0000c45c       $N00038                    000000018002e45c     PhysXCooking_64.exp
 0002:0000c473       $N00039                    000000018002e473     PhysXCooking_64.exp
 0002:0000c48b       $N00040                    000000018002e48b     PhysXCooking_64.exp
 0002:0000c495       $N00041                    000000018002e495     PhysXCooking_64.exp
 0002:0000c4a6       $N00042                    000000018002e4a6     PhysXCooking_64.exp
 0002:0000c4c1       $N00043                    000000018002e4c1     PhysXCooking_64.exp
 0002:0000c4d3       $N00044                    000000018002e4d3     PhysXCooking_64.exp
 0002:0000c4e9       $N00045                    000000018002e4e9     PhysXCooking_64.exp
 0002:0000c4fc       $N00046                    000000018002e4fc     PhysXCooking_64.exp
 0002:0000c508       $N00047                    000000018002e508     PhysXCooking_64.exp
 0002:0000c51c       $N00048                    000000018002e51c     PhysXCooking_64.exp
 0002:0000c52f       $N00049                    000000018002e52f     PhysXCooking_64.exp
 0002:0000c54c       $N00050                    000000018002e54c     PhysXCooking_64.exp
 0002:0000c560       $N00051                    000000018002e560     PhysXCooking_64.exp
 0002:0000c578       $N00052                    000000018002e578     PhysXCooking_64.exp
 0002:0000c58d       $N00053                    000000018002e58d     PhysXCooking_64.exp
 0002:0000c5aa       $N00054                    000000018002e5aa     PhysXCooking_64.exp
 0002:0000c5cb       $N00055                    000000018002e5cb     PhysXCooking_64.exp
 0002:0000c5ea       $N00056                    000000018002e5ea     PhysXCooking_64.exp
 0002:0000c5ff       $N00057                    000000018002e5ff     PhysXCooking_64.exp
 0002:0000c8d0       .idata$6                   000000018002e8d0     kernel32:KERNEL32.dll
 0003:000000b0       ?prefix@?1??getDimension@UnDecorator@@AEAA?AVDName@@_N@Z@4UStringLiteral@@A 000000018002f0b0     libvcruntime:undname.obj
 0003:000000c0       ?__vcrt_flsindex@@3KA      000000018002f0c0     libvcruntime:per_thread_data.obj
 0003:000000e0       ?__acrt_flsindex@@3KA      000000018002f0e0     libucrt:per_thread_data.obj
 0003:000000e4       ?errno_no_memory@@3HA      000000018002f0e4     libucrt:errno.obj
 0003:000000e8       ?doserrno_no_memory@@3KA   000000018002f0e8     libucrt:errno.obj
 0003:00000320       _mbctypes                  000000018002f320     libucrt:mbctype.obj
 0003:00000430       _mbcasemaps                000000018002f430     libucrt:mbctype.obj
 0003:00000530       ?__rgctypeflag@@3PADA      000000018002f530     libucrt:mbctype.obj
 0003:00000540       ?__rgcode_page_info@@3PAUcode_page_info@@A 000000018002f540     libucrt:mbctype.obj
 0003:00000a50       ?__dcrt_lowio_console_output_handle@@3PEAXEA 000000018002fa50     libucrt:initcon.obj
 0003:00000a58       ?dazSupported@?1??common_control87@@9@9 000000018002fa58     libucrt:ieee.obj
 0003:00000a60       ?dazSupported@?1??_ctrlfp@@9@9 000000018002fa60     libucrt:fpctrl.obj
 0003:00000d10       ?maxV3Error@vecMathTests@aos@physx@@3T__m128@@B 000000018002fd10     Cooking.obj
 0003:00000d20       ?minFError@vecMathTests@aos@physx@@3T__m128@@B 000000018002fd20     Cooking.obj
 0003:00000d30       ?maxV4Error@vecMathTests@aos@physx@@3T__m128@@B 000000018002fd30     Cooking.obj
 0003:00000d40       ?minV4Error@vecMathTests@aos@physx@@3T__m128@@B 000000018002fd40     Cooking.obj
 0003:00000d50       ?minV3Error@vecMathTests@aos@physx@@3T__m128@@B 000000018002fd50     Cooking.obj
 0003:00000d60       ?maxFError@vecMathTests@aos@physx@@3T__m128@@B 000000018002fd60     Cooking.obj
 0003:00000d70       ?gCookingDelayLoadHook@@3PEBVPxDelayLoadHook@physx@@EB 000000018002fd70     WindowsCookingDelayLoadHook.obj
 0003:00000dd0       ?__proc_attached@@3HA      000000018002fdd0     LIBCMT:dll_dllmain.obj
 0003:00000df8       ?is_initialized_as_dll@@3_NA 000000018002fdf8     LIBCMT:utility.obj
 0003:00000df9       ?module_local_atexit_table_initialized@@3_NA 000000018002fdf9     LIBCMT:utility.obj
 0003:00000e00       ?module_local_atexit_table@@3U_onexit_table_t@@A 000000018002fe00     LIBCMT:utility.obj
 0003:00000e18       ?module_local_at_quick_exit_table@@3U_onexit_table_t@@A 000000018002fe18     LIBCMT:utility.obj
 0003:00000e50       ?__vcrt_startup_thread_ptd@@3U__vcrt_ptd@@A 000000018002fe50     libvcruntime:per_thread_data.obj
 0003:00000ed0       __vcrt_lock_table          000000018002fed0     libvcruntime:locks.obj
 0003:00000ef8       __vcrt_locks_initialized   000000018002fef8     libvcruntime:locks.obj
 0003:00000f00       ?module_handles@@3PAPEAUHINSTANCE__@@A 000000018002ff00     libvcruntime:winapi_downlevel.obj
 0003:00000f18       ?function_pointers@@3PAPEAXA 000000018002ff18     libvcruntime:winapi_downlevel.obj
 0003:00000f40       ?c_termination_complete@@3JA 000000018002ff40     libucrt:exit.obj
 0003:00000f48       ?thread_local_exit_callback_func@@3P6AXPEAXK0@ZEA 000000018002ff48     libucrt:exit.obj
 0003:00000f50       ?c_exit_complete@?1???R<lambda_6e4b09c48022b2350581041d5f6b0c4c>@@QEBA@XZ@4_NA 000000018002ff50     libucrt:exit.obj
 0003:00000f60       ?program_name@?1???$common_configure_argv@D@@YAHW4_crt_argv_mode@@@Z@4PADA 000000018002ff60     libucrt:argv_parsing.obj
 0003:000010c0       ?__acrt_lock_table@@3PAU_RTL_CRITICAL_SECTION@@A 00000001800300c0     libucrt:locks.obj
 0003:00001318       ?__acrt_locks_initialized@@3IA 0000000180030318     libucrt:locks.obj
 0003:00001320       ?__acrt_invalid_parameter_handler@@3V?$dual_state_global@P6AXPEB_W00I_K@Z@__crt_state_management@@A 0000000180030320     libucrt:invalid_parameter.obj
 0003:00001340       ?fSystemSet@@3HA           0000000180030340     libucrt:mbctype.obj
 0003:00001344       ?initialized@?1??__acrt_initialize_multibyte@@9@4_NA 0000000180030344     libucrt:mbctype.obj
 0003:00001380       ?module_handles@@3PAPEAUHINSTANCE__@@A 0000000180030380     libucrt:winapi_thunks.obj
 0003:00001848       ?__acrt_new_handler@@3V?$dual_state_global@P6AH_K@Z@__crt_state_management@@A 0000000180030848     libucrt:new_handler.obj
 0003:00001850       ?ctrlc_action@@3V?$dual_state_global@P6AXH@Z@__crt_state_management@@A 0000000180030850     libucrt:signal.obj
 0003:00001858       ?ctrlbreak_action@@3V?$dual_state_global@P6AXH@Z@__crt_state_management@@A 0000000180030858     libucrt:signal.obj
 0003:00001860       ?abort_action@@3V?$dual_state_global@P6AXH@Z@__crt_state_management@@A 0000000180030860     libucrt:signal.obj
 0003:00001868       ?term_action@@3V?$dual_state_global@P6AXH@Z@__crt_state_management@@A 0000000180030868     libucrt:signal.obj
 0003:00001870       ?user_matherr@@3V?$dual_state_global@P6AHPEAU_exception@@@Z@__crt_state_management@@A 0000000180030870     libucrt:matherr.obj
 0003:000018a0       ?internal_state@?1??_mbtowc_internal@@9@4U_Mbstatet@@A 00000001800308a0     libucrt:mbtowc.obj
 0003:000018a8       ?internal_pst@?1??__mbrtoc32_utf8@__crt_mbstring@@YA_KPEA_UPEBD_KPEAU_Mbstatet@@AEAV__crt_cached_ptd_host@@@Z@4U3@A 00000001800308a8     libucrt:mbrtoc32.obj
 0003:000018b0       ?internal_pst@?1??__c16rtomb_utf8@__crt_mbstring@@YA_KPEAD_SPEAU_Mbstatet@@AEAV__crt_cached_ptd_host@@@Z@4U3@A 00000001800308b0     libucrt:c16rtomb.obj
 0003:000018b8       ?enable_percent_n@@3_KA    00000001800308b8     libucrt:printf_count_output.obj
 0003:000018c4       ?__acrt_global_new_mode@@3V?$dual_state_global@J@__crt_state_management@@A 00000001800308c4     libucrt:new_mode.obj
 0003:000018d0       ?__acrt_app_type@@3W4_crt_app_type@@A 00000001800308d0     libucrt:report_runtime_error.obj
 0003:000018e0       GS_ExceptionRecord         00000001800308e0     LIBCMT:gs_report.obj
 0003:00001980       GS_ContextRecord           0000000180030980     LIBCMT:gs_report.obj
 0005:00000000       ?function_pointers@@3PAPEAXA 0000000180033000     libucrt:winapi_thunks.obj
 0006:000000a0       $R000000                   00000001800340a0     PhysXCooking.res
 0006:000003d0       $R000330                   00000001800343d0     PhysXCooking.res
